Archive member included to satisfy reference by file (symbol)

.\CortexM0\ARM_GCC_541\Debug\ArmDriver.a(UART.o)
                              .\CortexM0\ARM_GCC_541\Debug\main.o (UART_Start)
.\CortexM0\ARM_GCC_541\Debug\ArmDriver.a(UART_UART.o)
                              .\CortexM0\ARM_GCC_541\Debug\ArmDriver.a(UART.o) (UART_UartInit)
.\CortexM0\ARM_GCC_541\Debug\ArmDriver.a(ADC.o)
                              .\CortexM0\ARM_GCC_541\Debug\main.o (ADC_Start)
.\CortexM0\ARM_GCC_541\Debug\ArmDriver.a(ADC_INT.o)
                              .\CortexM0\ARM_GCC_541\Debug\ArmDriver.a(ADC.o) (ADC_ISR)
.\CortexM0\ARM_GCC_541\Debug\ArmDriver.a(CyLib.o)
                              .\CortexM0\ARM_GCC_541\Debug\cyfitter_cfg.o (CyIntEnable)
.\CortexM0\ARM_GCC_541\Debug\ArmDriver.a(CyLFClk.o)
                              .\CortexM0\ARM_GCC_541\Debug\cyfitter_cfg.o (CySysWdtIsr)
.\CortexM0\ARM_GCC_541\Debug\ArmDriver.a(PWM_1.o)
                              .\CortexM0\ARM_GCC_541\Debug\main.o (PWM_1_WriteCompare)
.\CortexM0\ARM_GCC_541\Debug\ArmDriver.a(PWM_2.o)
                              .\CortexM0\ARM_GCC_541\Debug\main.o (PWM_2_WriteCompare)
.\CortexM0\ARM_GCC_541\Debug\ArmDriver.a(PWM_3.o)
                              .\CortexM0\ARM_GCC_541\Debug\main.o (PWM_3_WriteCompare)
.\CortexM0\ARM_GCC_541\Debug\ArmDriver.a(PWM_4.o)
                              .\CortexM0\ARM_GCC_541\Debug\main.o (PWM_4_WriteCompare)
.\CortexM0\ARM_GCC_541\Debug\ArmDriver.a(CyBootAsmGnu.o)
                              .\CortexM0\ARM_GCC_541\Debug\ArmDriver.a(CyLib.o) (CyDelayCycles)
.\CortexM0\ARM_GCC_541\Debug\ArmDriver.a(UART_SPI_UART.o)
                              .\CortexM0\ARM_GCC_541\Debug\ArmDriver.a(UART_UART.o) (UART_SpiUartReadRxData)
c:/program files (x86)/cypress/psoc creator/4.2/psoc creator/import/gnu/arm/5.4.1/bin/../lib/gcc/arm-none-eabi/5.4.1/armv6-m\libgcc.a(_udivsi3.o)
                              .\CortexM0\ARM_GCC_541\Debug\ArmDriver.a(CyLib.o) (__aeabi_uidiv)
c:/program files (x86)/cypress/psoc creator/4.2/psoc creator/import/gnu/arm/5.4.1/bin/../lib/gcc/arm-none-eabi/5.4.1/armv6-m\libgcc.a(_divsi3.o)
                              .\CortexM0\ARM_GCC_541\Debug\ArmDriver.a(ADC.o) (__aeabi_idiv)
c:/program files (x86)/cypress/psoc creator/4.2/psoc creator/import/gnu/arm/5.4.1/bin/../lib/gcc/arm-none-eabi/5.4.1/armv6-m\libgcc.a(_dvmd_tls.o)
                              c:/program files (x86)/cypress/psoc creator/4.2/psoc creator/import/gnu/arm/5.4.1/bin/../lib/gcc/arm-none-eabi/5.4.1/armv6-m\libgcc.a(_udivsi3.o) (__aeabi_idiv0)
c:/program files (x86)/cypress/psoc creator/4.2/psoc creator/import/gnu/arm/5.4.1/bin/../lib/gcc/arm-none-eabi/5.4.1/armv6-m\libgcc.a(_arm_cmpsf2.o)
                              .\CortexM0\ARM_GCC_541\Debug\main.o (__aeabi_fcmplt)
c:/program files (x86)/cypress/psoc creator/4.2/psoc creator/import/gnu/arm/5.4.1/bin/../lib/gcc/arm-none-eabi/5.4.1/armv6-m\libgcc.a(_aeabi_ldivmod.o)
                              .\CortexM0\ARM_GCC_541\Debug\ArmDriver.a(ADC.o) (__aeabi_ldivmod)
c:/program files (x86)/cypress/psoc creator/4.2/psoc creator/import/gnu/arm/5.4.1/bin/../lib/gcc/arm-none-eabi/5.4.1/armv6-m\libgcc.a(_muldi3.o)
                              .\CortexM0\ARM_GCC_541\Debug\ArmDriver.a(ADC.o) (__aeabi_lmul)
c:/program files (x86)/cypress/psoc creator/4.2/psoc creator/import/gnu/arm/5.4.1/bin/../lib/gcc/arm-none-eabi/5.4.1/armv6-m\libgcc.a(bpabi.o)
                              c:/program files (x86)/cypress/psoc creator/4.2/psoc creator/import/gnu/arm/5.4.1/bin/../lib/gcc/arm-none-eabi/5.4.1/armv6-m\libgcc.a(_aeabi_ldivmod.o) (__gnu_ldivmod_helper)
c:/program files (x86)/cypress/psoc creator/4.2/psoc creator/import/gnu/arm/5.4.1/bin/../lib/gcc/arm-none-eabi/5.4.1/armv6-m\libgcc.a(addsf3.o)
                              .\CortexM0\ARM_GCC_541\Debug\main.o (__aeabi_fadd)
c:/program files (x86)/cypress/psoc creator/4.2/psoc creator/import/gnu/arm/5.4.1/bin/../lib/gcc/arm-none-eabi/5.4.1/armv6-m\libgcc.a(divsf3.o)
                              .\CortexM0\ARM_GCC_541\Debug\main.o (__aeabi_fdiv)
c:/program files (x86)/cypress/psoc creator/4.2/psoc creator/import/gnu/arm/5.4.1/bin/../lib/gcc/arm-none-eabi/5.4.1/armv6-m\libgcc.a(eqsf2.o)
                              c:/program files (x86)/cypress/psoc creator/4.2/psoc creator/import/gnu/arm/5.4.1/bin/../lib/gcc/arm-none-eabi/5.4.1/armv6-m\libgcc.a(_arm_cmpsf2.o) (__eqsf2)
c:/program files (x86)/cypress/psoc creator/4.2/psoc creator/import/gnu/arm/5.4.1/bin/../lib/gcc/arm-none-eabi/5.4.1/armv6-m\libgcc.a(gesf2.o)
                              c:/program files (x86)/cypress/psoc creator/4.2/psoc creator/import/gnu/arm/5.4.1/bin/../lib/gcc/arm-none-eabi/5.4.1/armv6-m\libgcc.a(_arm_cmpsf2.o) (__gesf2)
c:/program files (x86)/cypress/psoc creator/4.2/psoc creator/import/gnu/arm/5.4.1/bin/../lib/gcc/arm-none-eabi/5.4.1/armv6-m\libgcc.a(lesf2.o)
[...]
Memory Configuration

Name             Origin             Length             Attributes
rom              0x00000000         0x00008000         xr
ram              0x20000000         0x00001000         xrw
*default*        0x00000000         0xffffffff

Linker script and memory map

LOAD c:/program files (x86)/cypress/psoc creator/4.2/psoc creator/import/gnu/arm/5.4.1/bin/../lib/gcc/arm-none-eabi/5.4.1/armv6-m/crti.o
LOAD c:/program files (x86)/cypress/psoc creator/4.2/psoc creator/import/gnu/arm/5.4.1/bin/../lib/gcc/arm-none-eabi/5.4.1/armv6-m/crtbegin.o
LOAD c:/program files (x86)/cypress/psoc creator/4.2/psoc creator/import/gnu/arm/5.4.1/bin/../lib/gcc/arm-none-eabi/5.4.1/../../../../arm-none-eabi/lib/armv6-m/crt0.o
START GROUP
LOAD .\CortexM0\ARM_GCC_541\Debug\main.o
LOAD .\CortexM0\ARM_GCC_541\Debug\cyfitter_cfg.o
LOAD .\CortexM0\ARM_GCC_541\Debug\cybootloader.o
LOAD .\CortexM0\ARM_GCC_541\Debug\cymetadata.o
LOAD .\CortexM0\ARM_GCC_541\Debug\Cm0Start.o
LOAD .\CortexM0\ARM_GCC_541\Debug\ArmDriver.a
END GROUP
START GROUP
LOAD c:/program files (x86)/cypress/psoc creator/4.2/psoc creator/import/gnu/arm/5.4.1/bin/../lib/gcc/arm-none-eabi/5.4.1/armv6-m\libgcc.a
LOAD c:/program files (x86)/cypress/psoc creator/4.2/psoc creator/import/gnu/arm/5.4.1/bin/../lib/gcc/arm-none-eabi/5.4.1/../../../../arm-none-eabi/lib/armv6-m\libg_nano.a
LOAD c:/program files (x86)/cypress/psoc creator/4.2/psoc creator/import/gnu/arm/5.4.1/bin/../lib/gcc/arm-none-eabi/5.4.1/../../../../arm-none-eabi/lib/armv6-m\libc_nano.a
END GROUP
START GROUP
LOAD c:/program files (x86)/cypress/psoc creator/4.2/psoc creator/import/gnu/arm/5.4.1/bin/../lib/gcc/arm-none-eabi/5.4.1/armv6-m\libgcc.a
LOAD c:/program files (x86)/cypress/psoc creator/4.2/psoc creator/import/gnu/arm/5.4.1/bin/../lib/gcc/arm-none-eabi/5.4.1/../../../../arm-none-eabi/lib/armv6-m\libc_nano.a
END GROUP
LOAD c:/program files (x86)/cypress/psoc creator/4.2/psoc creator/import/gnu/arm/5.4.1/bin/../lib/gcc/arm-none-eabi/5.4.1/armv6-m/crtend.o
LOAD c:/program files (x86)/cypress/psoc creator/4.2/psoc creator/import/gnu/arm/5.4.1/bin/../lib/gcc/arm-none-eabi/5.4.1/armv6-m/crtn.o
START GROUP
LOAD c:/program files (x86)/cypress/psoc creator/4.2/psoc creator/import/gnu/arm/5.4.1/bin/../lib/gcc/arm-none-eabi/5.4.1/armv6-m\libgcc.a
LOAD c:/program files (x86)/cypress/psoc creator/4.2/psoc creator/import/gnu/arm/5.4.1/bin/../lib/gcc/arm-none-eabi/5.4.1/../../../../arm-none-eabi/lib/armv6-m\libc.a
LOAD c:/program files (x86)/cypress/psoc creator/4.2/psoc creator/import/gnu/arm/5.4.1/bin/../lib/gcc/arm-none-eabi/5.4.1/../../../../arm-none-eabi/lib/armv6-m\libnosys.a
END GROUP
                0x00000000                CY_APPL_ORIGIN = 0x0
                0x00000080                CY_FLASH_ROW_SIZE = 0x80
                0x00000001                CY_APPL_NUM = 0x1
                0x00000001                CY_APPL_MAX = 0x1
                0x00000040                CY_METADATA_SIZE = 0x40
                0x00000001                CY_APPL_LOADABLE = 0x1
                0x00000000                CY_CHECKSUM_EXCLUDE_SIZE = ALIGN (0x0, CY_FLASH_ROW_SIZE)
                0x00000000                CY_APP_FOR_STACK_AND_COPIER = 0x0
                [!provide]                PROVIDE (__cy_heap_start, _end)
                0x00000001                PROVIDE (__cy_region_num, ((__cy_regions_end - __cy_regions) / 0x10))
                0x20001000                PROVIDE (__cy_stack, (ORIGIN (ram) + LENGTH (ram)))
                [!provide]                PROVIDE (__cy_heap_end, (__cy_stack - 0x400))

.cybootloader   0x00000000     0x1100
 *(.cybootloader)
 .cybootloader  0x00000000     0x1100 .\CortexM0\ARM_GCC_541\Debug\cybootloader.o
                0x00000000                cy_bootloader
                0x00001100                appl1_start = CY_APPL_ORIGIN?CY_APPL_ORIGIN:ALIGN (CY_FLASH_ROW_SIZE)
                0x00004800                appl2_start = (appl1_start + ALIGN ((((LENGTH (rom) - appl1_start) - (0x2 * CY_FLASH_ROW_SIZE)) / 0x2), CY_FLASH_ROW_SIZE))
                0x00001100                appl_start = (CY_APPL_NUM == 0x1)?appl1_start:appl2_start
                0x00000000                cy_project_type_bootloader = (appl_start == 0x0)?0x1:0x0
                0x00000000                cy_project_type_app_for_stack_and_copier = (CY_APP_FOR_STACK_AND_COPIER == 0x1)?0x1:0x0

.text           0x00001100     0x6008
 CREATE_OBJECT_SYMBOLS
                0x00001100                PROVIDE (__cy_interrupt_vector, RomVectors)
 *(.romvectors)
 .romvectors    0x00001100       0x10 .\CortexM0\ARM_GCC_541\Debug\Cm0Start.o
                0x00001100                RomVectors
                0x00000001                ASSERT ((. != __cy_interrupt_vector), No interrupt vector)
                0x00000001                ASSERT (CY_APPL_ORIGIN?(SIZEOF (.cybootloader) <= CY_APPL_ORIGIN):0x1, Wrong image location)
                0x00001110                PROVIDE (__cy_reset, Reset)
 *(.text.Reset)
 .text.Reset    0x00001110       0x10 .\CortexM0\ARM_GCC_541\Debug\Cm0Start.o
                0x00001110                Reset
                0x00000001                ASSERT ((. != __cy_reset), No reset code)
 *(.psocinit)
 .psocinit      0x00001120      0x1c4 .\CortexM0\ARM_GCC_541\Debug\cyfitter_cfg.o
                0x000011e0                cyfitter_cfg
                0x000012e4                . = MAX (., 0x100)
 *(.text .text.* .gnu.linkonce.t.*)
 .text          0x000012e4       0x60 c:/program files (x86)/cypress/psoc creator/4.2/psoc creator/import/gnu/arm/5.4.1/bin/../lib/gcc/arm-none-eabi/5.4.1/armv6-m/crtbegin.o
 .text.main     0x00001344      0x264 .\CortexM0\ARM_GCC_541\Debug\main.o
                0x00001344                main
 .text.CYMEMZERO
                0x000015a8        0xc .\CortexM0\ARM_GCC_541\Debug\cyfitter_cfg.o
 .text.SetAnalogRoutingPumps
                0x000015b4       0x20 .\CortexM0\ARM_GCC_541\Debug\cyfitter_cfg.o
                0x000015b4                SetAnalogRoutingPumps
 .text.AnalogSetDefault
                0x000015d4       0x1c .\CortexM0\ARM_GCC_541\Debug\cyfitter_cfg.o
 .text.IntDefaultHandler
                0x000015f0       0x10 .\CortexM0\ARM_GCC_541\Debug\Cm0Start.o
                0x000015f0                IntDefaultHandler
 .text._sbrk    0x00001600       0x34 .\CortexM0\ARM_GCC_541\Debug\Cm0Start.o
                0x00001600                _sbrk
 .text.Start_c  0x00001634       0x48 .\CortexM0\ARM_GCC_541\Debug\Cm0Start.o
                0x00001634                Start_c
 .text.initialize_psoc
                0x0000167c       0x50 .\CortexM0\ARM_GCC_541\Debug\Cm0Start.o
                0x0000167c                initialize_psoc
 .text.UART_ScbModePostEnable
                0x000016cc        0x8 .\CortexM0\ARM_GCC_541\Debug\ArmDriver.a(UART.o)
 .text.UART_Init
                0x000016d4        0x8 .\CortexM0\ARM_GCC_541\Debug\ArmDriver.a(UART.o)
                0x000016d4                UART_Init
 .text.UART_Enable
                0x000016dc       0x18 .\CortexM0\ARM_GCC_541\Debug\ArmDriver.a(UART.o)
                0x000016dc                UART_Enable
 .text.UART_Start
                0x000016f4       0x20 .\CortexM0\ARM_GCC_541\Debug\ArmDriver.a(UART.o)
                0x000016f4                UART_Start
 .text.UART_UartInit
                0x00001714       0x9c .\CortexM0\ARM_GCC_541\Debug\ArmDriver.a(UART_UART.o)
                0x00001714                UART_UartInit
 .text.UART_UartPostEnable
                0x000017b0       0x24 .\CortexM0\ARM_GCC_541\Debug\ArmDriver.a(UART_UART.o)
                0x000017b0                UART_UartPostEnable
 .text.UART_UartPutString
                0x000017d4       0x18 .\CortexM0\ARM_GCC_541\Debug\ArmDriver.a(UART_UART.o)
                0x000017d4                UART_UartPutString
 .text.ADC_Init
                0x000017ec      0x188 .\CortexM0\ARM_GCC_541\Debug\ArmDriver.a(ADC.o)
                0x000017ec                ADC_Init
 .text.ADC_Enable
                0x00001974       0x24 .\CortexM0\ARM_GCC_541\Debug\ArmDriver.a(ADC.o)
                0x00001974                ADC_Enable
 .text.ADC_Start
                0x00001998       0x20 .\CortexM0\ARM_GCC_541\Debug\ArmDriver.a(ADC.o)
                0x00001998                ADC_Start
 .text.ADC_StartConvert
                0x000019b8       0x14 .\CortexM0\ARM_GCC_541\Debug\ArmDriver.a(ADC.o)
                0x000019b8                ADC_StartConvert
 .text.ADC_GetResult16
                0x000019cc       0x2c .\CortexM0\ARM_GCC_541\Debug\ArmDriver.a(ADC.o)
                0x000019cc                ADC_GetResult16
 .text.ADC_ISR  0x000019f8        0xc .\CortexM0\ARM_GCC_541\Debug\ArmDriver.a(ADC_INT.o)
                0x000019f8                ADC_ISR
 .text.CyIntEnable
                0x00001a04       0x14 .\CortexM0\ARM_GCC_541\Debug\ArmDriver.a(CyLib.o)
                0x00001a04                CyIntEnable
 .text.CyHalt   0x00001a18        0x4 .\CortexM0\ARM_GCC_541\Debug\ArmDriver.a(CyLib.o)
                0x00001a18                CyHalt
 .text.CyIntSetVector
                0x00001a1c       0x24 .\CortexM0\ARM_GCC_541\Debug\ArmDriver.a(CyLib.o)
                0x00001a1c                CyIntSetVector
 .text.CyIntSetPriority
                0x00001a40       0x4c .\CortexM0\ARM_GCC_541\Debug\ArmDriver.a(CyLib.o)
                0x00001a40                CyIntSetPriority
 .text.CyDelay  0x00001a8c       0x30 .\CortexM0\ARM_GCC_541\Debug\ArmDriver.a(CyLib.o)
                0x00001a8c                CyDelay
 .text.CyDelayUs
                0x00001abc       0x14 .\CortexM0\ARM_GCC_541\Debug\ArmDriver.a(CyLib.o)
                0x00001abc                CyDelayUs
 .text.CySysClkWriteImoFreq
                0x00001ad0      0x164 .\CortexM0\ARM_GCC_541\Debug\ArmDriver.a(CyLib.o)
                0x00001ad0                CySysClkWriteImoFreq
 .text.CySysWdtLocked
                0x00001c34       0x14 .\CortexM0\ARM_GCC_541\Debug\ArmDriver.a(CyLFClk.o)
 .text.CySysWdtLock
                0x00001c48       0x1c .\CortexM0\ARM_GCC_541\Debug\ArmDriver.a(CyLFClk.o)
                0x00001c48                CySysWdtLock
 .text.CySysWdtUnlock
                0x00001c64       0x30 .\CortexM0\ARM_GCC_541\Debug\ArmDriver.a(CyLFClk.o)
                0x00001c64                CySysWdtUnlock
 .text.CySysWdtClearInterrupt
                0x00001c94       0x4c .\CortexM0\ARM_GCC_541\Debug\ArmDriver.a(CyLFClk.o)
                0x00001c94                CySysWdtClearInterrupt
 .text.CySysWdtIsr
                0x00001ce0       0xa4 .\CortexM0\ARM_GCC_541\Debug\ArmDriver.a(CyLFClk.o)
                0x00001ce0                CySysWdtIsr
 .text.PWM_1_WriteCounter
                0x00001d84       0x10 .\CortexM0\ARM_GCC_541\Debug\ArmDriver.a(PWM_1.o)
                0x00001d84                PWM_1_WriteCounter
 .text.PWM_1_WritePeriod
                0x00001d94       0x10 .\CortexM0\ARM_GCC_541\Debug\ArmDriver.a(PWM_1.o)
                0x00001d94                PWM_1_WritePeriod
 .text.PWM_1_WriteCompare
                0x00001da4       0x10 .\CortexM0\ARM_GCC_541\Debug\ArmDriver.a(PWM_1.o)
                0x00001da4                PWM_1_WriteCompare
 .text.PWM_1_TriggerCommand
                0x00001db4       0x1c .\CortexM0\ARM_GCC_541\Debug\ArmDriver.a(PWM_1.o)
                0x00001db4                PWM_1_TriggerCommand
 .text.PWM_1_Enable
                0x00001dd0       0x24 .\CortexM0\ARM_GCC_541\Debug\ArmDriver.a(PWM_1.o)
                0x00001dd0                PWM_1_Enable
 .text.PWM_1_SetInterruptMode
                0x00001df4        0xc .\CortexM0\ARM_GCC_541\Debug\ArmDriver.a(PWM_1.o)
                0x00001df4                PWM_1_SetInterruptMode
 .text.PWM_1_Init
                0x00001e00       0x50 .\CortexM0\ARM_GCC_541\Debug\ArmDriver.a(PWM_1.o)
                0x00001e00                PWM_1_Init
 .text.PWM_1_Start
                0x00001e50       0x20 .\CortexM0\ARM_GCC_541\Debug\ArmDriver.a(PWM_1.o)
                0x00001e50                PWM_1_Start
 .text.PWM_2_WriteCounter
                0x00001e70       0x10 .\CortexM0\ARM_GCC_541\Debug\ArmDriver.a(PWM_2.o)
                0x00001e70                PWM_2_WriteCounter
 .text.PWM_2_WritePeriod
                0x00001e80       0x10 .\CortexM0\ARM_GCC_541\Debug\ArmDriver.a(PWM_2.o)
                0x00001e80                PWM_2_WritePeriod
 .text.PWM_2_WriteCompare
                0x00001e90       0x10 .\CortexM0\ARM_GCC_541\Debug\ArmDriver.a(PWM_2.o)
                0x00001e90                PWM_2_WriteCompare
 .text.PWM_2_TriggerCommand
                0x00001ea0       0x1c .\CortexM0\ARM_GCC_541\Debug\ArmDriver.a(PWM_2.o)
                0x00001ea0                PWM_2_TriggerCommand
 .text.PWM_2_Enable
                0x00001ebc       0x24 .\CortexM0\ARM_GCC_541\Debug\ArmDriver.a(PWM_2.o)
                0x00001ebc                PWM_2_Enable
 .text.PWM_2_SetInterruptMode
                0x00001ee0        0xc .\CortexM0\ARM_GCC_541\Debug\ArmDriver.a(PWM_2.o)
                0x00001ee0                PWM_2_SetInterruptMode
 .text.PWM_2_Init
                0x00001eec       0x50 .\CortexM0\ARM_GCC_541\Debug\ArmDriver.a(PWM_2.o)
                0x00001eec                PWM_2_Init
 .text.PWM_2_Start
                0x00001f3c       0x20 .\CortexM0\ARM_GCC_541\Debug\ArmDriver.a(PWM_2.o)
                0x00001f3c                PWM_2_Start
 .text.PWM_3_WriteCounter
                0x00001f5c       0x10 .\CortexM0\ARM_GCC_541\Debug\ArmDriver.a(PWM_3.o)
                0x00001f5c                PWM_3_WriteCounter
 .text.PWM_3_WritePeriod
                0x00001f6c       0x10 .\CortexM0\ARM_GCC_541\Debug\ArmDriver.a(PWM_3.o)
                0x00001f6c                PWM_3_WritePeriod
 .text.PWM_3_WriteCompare
                0x00001f7c       0x10 .\CortexM0\ARM_GCC_541\Debug\ArmDriver.a(PWM_3.o)
                0x00001f7c                PWM_3_WriteCompare
 .text.PWM_3_TriggerCommand
                0x00001f8c       0x1c .\CortexM0\ARM_GCC_541\Debug\ArmDriver.a(PWM_3.o)
                0x00001f8c                PWM_3_TriggerCommand
 .text.PWM_3_Enable
                0x00001fa8       0x24 .\CortexM0\ARM_GCC_541\Debug\ArmDriver.a(PWM_3.o)
                0x00001fa8                PWM_3_Enable
 .text.PWM_3_SetInterruptMode
                0x00001fcc        0xc .\CortexM0\ARM_GCC_541\Debug\ArmDriver.a(PWM_3.o)
                0x00001fcc                PWM_3_SetInterruptMode
 .text.PWM_3_Init
                0x00001fd8       0x50 .\CortexM0\ARM_GCC_541\Debug\ArmDriver.a(PWM_3.o)
                0x00001fd8                PWM_3_Init
 .text.PWM_3_Start
                0x00002028       0x20 .\CortexM0\ARM_GCC_541\Debug\ArmDriver.a(PWM_3.o)
                0x00002028                PWM_3_Start
 .text.PWM_4_WriteCounter
                0x00002048       0x10 .\CortexM0\ARM_GCC_541\Debug\ArmDriver.a(PWM_4.o)
                0x00002048                PWM_4_WriteCounter
 .text.PWM_4_WritePeriod
                0x00002058       0x10 .\CortexM0\ARM_GCC_541\Debug\ArmDriver.a(PWM_4.o)
                0x00002058                PWM_4_WritePeriod
 .text.PWM_4_WriteCompare
                0x00002068       0x10 .\CortexM0\ARM_GCC_541\Debug\ArmDriver.a(PWM_4.o)
                0x00002068                PWM_4_WriteCompare
 .text.PWM_4_TriggerCommand
                0x00002078       0x1c .\CortexM0\ARM_GCC_541\Debug\ArmDriver.a(PWM_4.o)
                0x00002078                PWM_4_TriggerCommand
 .text.PWM_4_Enable
                0x00002094       0x24 .\CortexM0\ARM_GCC_541\Debug\ArmDriver.a(PWM_4.o)
                0x00002094                PWM_4_Enable
 .text.PWM_4_SetInterruptMode
                0x000020b8        0xc .\CortexM0\ARM_GCC_541\Debug\ArmDriver.a(PWM_4.o)
                0x000020b8                PWM_4_SetInterruptMode
 .text.PWM_4_Init
                0x000020c4       0x50 .\CortexM0\ARM_GCC_541\Debug\ArmDriver.a(PWM_4.o)
                0x000020c4                PWM_4_Init
 .text.PWM_4_Start
                0x00002114       0x20 .\CortexM0\ARM_GCC_541\Debug\ArmDriver.a(PWM_4.o)
                0x00002114                PWM_4_Start
 *fill*         0x00002134        0x4 
 .text          0x00002138       0x24 .\CortexM0\ARM_GCC_541\Debug\ArmDriver.a(CyBootAsmGnu.o)
                0x00002138                CyDelayCycles
                0x0000214c                CyEnterCriticalSection
                0x00002154                CyExitCriticalSection
 .text.UART_SpiUartWriteTxData
                0x0000215c       0x1c .\CortexM0\ARM_GCC_541\Debug\ArmDriver.a(UART_SPI_UART.o)
                0x0000215c                UART_SpiUartWriteTxData
 .text          0x00002178      0x114 c:/program files (x86)/cypress/psoc creator/4.2/psoc creator/import/gnu/arm/5.4.1/bin/../lib/gcc/arm-none-eabi/5.4.1/armv6-m\libgcc.a(_udivsi3.o)
                0x00002178                __aeabi_uidiv
                0x00002178                __udivsi3
                0x00002284                __aeabi_uidivmod
 .text          0x0000228c      0x1d4 c:/program files (x86)/cypress/psoc creator/4.2/psoc creator/import/gnu/arm/5.4.1/bin/../lib/gcc/arm-none-eabi/5.4.1/armv6-m\libgcc.a(_divsi3.o)
                0x0000228c                __divsi3
                0x0000228c                __aeabi_idiv
                0x00002458                __aeabi_idivmod
 .text          0x00002460        0x4 c:/program files (x86)/cypress/psoc creator/4.2/psoc creator/import/gnu/arm/5.4.1/bin/../lib/gcc/arm-none-eabi/5.4.1/armv6-m\libgcc.a(_dvmd_tls.o)
                0x00002460                __aeabi_idiv0
                0x00002460                __aeabi_ldiv0
 .text          0x00002464       0x74 c:/program files (x86)/cypress/psoc creator/4.2/psoc creator/import/gnu/arm/5.4.1/bin/../lib/gcc/arm-none-eabi/5.4.1/armv6-m\libgcc.a(_arm_cmpsf2.o)
                0x00002464                __aeabi_cfrcmple
                0x0000246c                __aeabi_cfcmpeq
                0x0000246c                __aeabi_cfcmple
                0x0000247c                __aeabi_fcmpeq
                0x00002488                __aeabi_fcmplt
                0x0000249c                __aeabi_fcmple
                0x000024b0                __aeabi_fcmpgt
                0x000024c4                __aeabi_fcmpge
 .text          0x000024d8      0x2ec c:/program files (x86)/cypress/psoc creator/4.2/psoc creator/import/gnu/arm/5.4.1/bin/../lib/gcc/arm-none-eabi/5.4.1/armv6-m\libgcc.a(addsf3.o)
                0x000024d8                __aeabi_fadd
 .text          0x000027c4      0x234 c:/program files (x86)/cypress/psoc creator/4.2/psoc creator/import/gnu/arm/5.4.1/bin/../lib/gcc/arm-none-eabi/5.4.1/armv6-m\libgcc.a(divsf3.o)
                0x000027c4                __aeabi_fdiv
 .text          0x000029f8       0x50 c:/program files (x86)/cypress/psoc creator/4.2/psoc creator/import/gnu/arm/5.4.1/bin/../lib/gcc/arm-none-eabi/5.4.1/armv6-m\libgcc.a(eqsf2.o)
                0x000029f8                __eqsf2
                0x000029f8                __nesf2
 .text          0x00002a48       0x88 c:/program files (x86)/cypress/psoc creator/4.2/psoc creator/import/gnu/arm/5.4.1/bin/../lib/gcc/arm-none-eabi/5.4.1/armv6-m\libgcc.a(gesf2.o)
                0x00002a48                __gesf2
                0x00002a48                __gtsf2
 .text          0x00002ad0       0x88 c:/program files (x86)/cypress/psoc creator/4.2/psoc creator/import/gnu/arm/5.4.1/bin/../lib/gcc/arm-none-eabi/5.4.1/armv6-m\libgcc.a(lesf2.o)
                0x00002ad0                __ltsf2
                0x00002ad0                __lesf2
 .text          0x00002b58      0x228 c:/program files (x86)/cypress/psoc creator/4.2/psoc creator/import/gnu/arm/5.4.1/bin/../lib/gcc/arm-none-eabi/5.4.1/armv6-m\libgcc.a(mulsf3.o)
                0x00002b58                __aeabi_fmul
 .text          0x00002d80      0x30c c:/program files (x86)/cypress/psoc creator/4.2/psoc creator/import/gnu/arm/5.4.1/bin/../lib/gcc/arm-none-eabi/5.4.1/armv6-m\libgcc.a(subsf3.o)
                0x00002d80                __aeabi_fsub
 .text          0x0000308c       0x44 c:/program files (x86)/cypress/psoc creator/4.2/psoc creator/import/gnu/arm/5.4.1/bin/../lib/gcc/arm-none-eabi/5.4.1/armv6-m\libgcc.a(fixsfsi.o)
                0x0000308c                __aeabi_f2iz
 .text          0x000030d0       0x90 c:/program files (x86)/cypress/psoc creator/4.2/psoc creator/import/gnu/arm/5.4.1/bin/../lib/gcc/arm-none-eabi/5.4.1/armv6-m\libgcc.a(floatsisf.o)
                0x000030d0                __aeabi_i2f
 .text          0x00003160      0x4f4 c:/program files (x86)/cypress/psoc creator/4.2/psoc creator/import/gnu/arm/5.4.1/bin/../lib/gcc/arm-none-eabi/5.4.1/armv6-m\libgcc.a(muldf3.o)
                0x00003160                __aeabi_dmul
 .text          0x00003654      0x6a8 c:/program files (x86)/cypress/psoc creator/4.2/psoc creator/import/gnu/arm/5.4.1/bin/../lib/gcc/arm-none-eabi/5.4.1/armv6-m\libgcc.a(subdf3.o)
                0x00003654                __aeabi_dsub
 .text          0x00003cfc       0xa8 c:/program files (x86)/cypress/psoc creator/4.2/psoc creator/import/gnu/arm/5.4.1/bin/../lib/gcc/arm-none-eabi/5.4.1/armv6-m\libgcc.a(extendsfdf2.o)
                0x00003cfc                __aeabi_f2d
 .text          0x00003da4      0x118 c:/program files (x86)/cypress/psoc creator/4.2/psoc creator/import/gnu/arm/5.4.1/bin/../lib/gcc/arm-none-eabi/5.4.1/armv6-m\libgcc.a(truncdfsf2.o)
                0x00003da4                __aeabi_d2f
 .text          0x00003ebc       0x3c c:/program files (x86)/cypress/psoc creator/4.2/psoc creator/import/gnu/arm/5.4.1/bin/../lib/gcc/arm-none-eabi/5.4.1/armv6-m\libgcc.a(_clzsi2.o)
                0x00003ebc                __clzsi2
 .text.__errno  0x00003ef8        0xc c:/program files (x86)/cypress/psoc creator/4.2/psoc creator/import/gnu/arm/5.4.1/bin/../lib/gcc/arm-none-eabi/5.4.1/../../../../arm-none-eabi/lib/armv6-m\libg_nano.a(lib_a-errno.o)
                0x00003ef8                __errno
 .text.__libc_init_array
                0x00003f04       0x4c c:/program files (x86)/cypress/psoc creator/4.2/psoc creator/import/gnu/arm/5.4.1/bin/../lib/gcc/arm-none-eabi/5.4.1/../../../../arm-none-eabi/lib/armv6-m\libg_nano.a(lib_a-init.o)
                0x00003f04                __libc_init_array
 .text.memset   0x00003f50       0x10 c:/program files (x86)/cypress/psoc creator/4.2/psoc creator/import/gnu/arm/5.4.1/bin/../lib/gcc/arm-none-eabi/5.4.1/../../../../arm-none-eabi/lib/armv6-m\libg_nano.a(lib_a-memset.o)
                0x00003f50                memset
 .text.__cvt    0x00003f60       0xca c:/program files (x86)/cypress/psoc creator/4.2/psoc creator/import/gnu/arm/5.4.1/bin/../lib/gcc/arm-none-eabi/5.4.1/../../../../arm-none-eabi/lib/armv6-m\libg_nano.a(lib_a-nano-vfprintf_float.o)
                0x00003f60                __cvt
 .text.__exponent
                0x0000402a       0x62 c:/program files (x86)/cypress/psoc creator/4.2/psoc creator/import/gnu/arm/5.4.1/bin/../lib/gcc/arm-none-eabi/5.4.1/../../../../arm-none-eabi/lib/armv6-m\libg_nano.a(lib_a-nano-vfprintf_float.o)
                0x0000402a                __exponent
 .text._printf_float
                0x0000408c      0x4a0 c:/program files (x86)/cypress/psoc creator/4.2/psoc creator/import/gnu/arm/5.4.1/bin/../lib/gcc/arm-none-eabi/5.4.1/../../../../arm-none-eabi/lib/armv6-m\libg_nano.a(lib_a-nano-vfprintf_float.o)
                0x0000408c                _printf_float
 .text._printf_common
                0x0000452c       0xdc c:/program files (x86)/cypress/psoc creator/4.2/psoc creator/import/gnu/arm/5.4.1/bin/../lib/gcc/arm-none-eabi/5.4.1/../../../../arm-none-eabi/lib/armv6-m\libg_nano.a(lib_a-nano-vfprintf_i.o)
                0x0000452c                _printf_common
 .text._printf_i
                0x00004608      0x244 c:/program files (x86)/cypress/psoc creator/4.2/psoc creator/import/gnu/arm/5.4.1/bin/../lib/gcc/arm-none-eabi/5.4.1/../../../../arm-none-eabi/lib/armv6-m\libg_nano.a(lib_a-nano-vfprintf_i.o)
                0x00004608                _printf_i
 .text.sprintf  0x0000484c       0x44 c:/program files (x86)/cypress/psoc creator/4.2/psoc creator/import/gnu/arm/5.4.1/bin/../lib/gcc/arm-none-eabi/5.4.1/../../../../arm-none-eabi/lib/armv6-m\libg_nano.a(lib_a-sprintf.o)
                0x0000484c                siprintf
                0x0000484c                sprintf
 .text          0x00004890        0xe c:/program files (x86)/cypress/psoc creator/4.2/psoc creator/import/gnu/arm/5.4.1/bin/../lib/gcc/arm-none-eabi/5.4.1/../../../../arm-none-eabi/lib/armv6-m\libg_nano.a(lib_a-strlen.o)
                0x00004890                strlen
 .text.quorem   0x0000489e      0x10c c:/program files (x86)/cypress/psoc creator/4.2/psoc creator/import/gnu/arm/5.4.1/bin/../lib/gcc/arm-none-eabi/5.4.1/../../../../arm-none-eabi/lib/armv6-m\libg_nano.a(lib_a-dtoa.o)
 *fill*         0x000049aa        0x2 
 .text._dtoa_r  0x000049ac      0xb8c c:/program files (x86)/cypress/psoc creator/4.2/psoc creator/import/gnu/arm/5.4.1/bin/../lib/gcc/arm-none-eabi/5.4.1/../../../../arm-none-eabi/lib/armv6-m\libg_nano.a(lib_a-dtoa.o)
                0x000049ac                _dtoa_r
 .text._localeconv_r
                0x00005538        0x8 c:/program files (x86)/cypress/psoc creator/4.2/psoc creator/import/gnu/arm/5.4.1/bin/../lib/gcc/arm-none-eabi/5.4.1/../../../../arm-none-eabi/lib/armv6-m\libg_nano.a(lib_a-locale.o)
                0x00005538                _localeconv_r
 .text.malloc   0x00005540       0x14 c:/program files (x86)/cypress/psoc creator/4.2/psoc creator/import/gnu/arm/5.4.1/bin/../lib/gcc/arm-none-eabi/5.4.1/../../../../arm-none-eabi/lib/armv6-m\libg_nano.a(lib_a-malloc.o)
                0x00005540                malloc
 .text.memchr   0x00005554       0x16 c:/program files (x86)/cypress/psoc creator/4.2/psoc creator/import/gnu/arm/5.4.1/bin/../lib/gcc/arm-none-eabi/5.4.1/../../../../arm-none-eabi/lib/armv6-m\libg_nano.a(lib_a-memchr-stub.o)
                0x00005554                memchr
 .text.memcpy   0x0000556a       0x12 c:/program files (x86)/cypress/psoc creator/4.2/psoc creator/import/gnu/arm/5.4.1/bin/../lib/gcc/arm-none-eabi/5.4.1/../../../../arm-none-eabi/lib/armv6-m\libg_nano.a(lib_a-memcpy-stub.o)
                0x0000556a                memcpy
 .text._Balloc  0x0000557c       0x70 c:/program files (x86)/cypress/psoc creator/4.2/psoc creator/import/gnu/arm/5.4.1/bin/../lib/gcc/arm-none-eabi/5.4.1/../../../../arm-none-eabi/lib/armv6-m\libg_nano.a(lib_a-mprec.o)
                0x0000557c                _Balloc
 .text._Bfree   0x000055ec       0x32 c:/program files (x86)/cypress/psoc creator/4.2/psoc creator/import/gnu/arm/5.4.1/bin/../lib/gcc/arm-none-eabi/5.4.1/../../../../arm-none-eabi/lib/armv6-m\libg_nano.a(lib_a-mprec.o)
                0x000055ec                _Bfree
 .text.__multadd
                0x0000561e       0x7a c:/program files (x86)/cypress/psoc creator/4.2/psoc creator/import/gnu/arm/5.4.1/bin/../lib/gcc/arm-none-eabi/5.4.1/../../../../arm-none-eabi/lib/armv6-m\libg_nano.a(lib_a-mprec.o)
                0x0000561e                __multadd
 .text.__hi0bits
                0x00005698       0x36 c:/program files (x86)/cypress/psoc creator/4.2/psoc creator/import/gnu/arm/5.4.1/bin/../lib/gcc/arm-none-eabi/5.4.1/../../../../arm-none-eabi/lib/armv6-m\libg_nano.a(lib_a-mprec.o)
                0x00005698                __hi0bits
 .text.__lo0bits
                0x000056ce       0x5e c:/program files (x86)/cypress/psoc creator/4.2/psoc creator/import/gnu/arm/5.4.1/bin/../lib/gcc/arm-none-eabi/5.4.1/../../../../arm-none-eabi/lib/armv6-m\libg_nano.a(lib_a-mprec.o)
                0x000056ce                __lo0bits
 .text.__i2b    0x0000572c       0x12 c:/program files (x86)/cypress/psoc creator/4.2/psoc creator/import/gnu/arm/5.4.1/bin/../lib/gcc/arm-none-eabi/5.4.1/../../../../arm-none-eabi/lib/armv6-m\libg_nano.a(lib_a-mprec.o)
                0x0000572c                __i2b
 .text.__multiply
                0x0000573e      0x112 c:/program files (x86)/cypress/psoc creator/4.2/psoc creator/import/gnu/arm/5.4.1/bin/../lib/gcc/arm-none-eabi/5.4.1/../../../../arm-none-eabi/lib/armv6-m\libg_nano.a(lib_a-mprec.o)
                0x0000573e                __multiply
 .text.__pow5mult
                0x00005850       0xa8 c:/program files (x86)/cypress/psoc creator/4.2/psoc creator/import/gnu/arm/5.4.1/bin/../lib/gcc/arm-none-eabi/5.4.1/../../../../arm-none-eabi/lib/armv6-m\libg_nano.a(lib_a-mprec.o)
                0x00005850                __pow5mult
 .text.__lshift
                0x000058f8       0xa4 c:/program files (x86)/cypress/psoc creator/4.2/psoc creator/import/gnu/arm/5.4.1/bin/../lib/gcc/arm-none-eabi/5.4.1/../../../../arm-none-eabi/lib/armv6-m\libg_nano.a(lib_a-mprec.o)
                0x000058f8                __lshift
 .text.__mcmp   0x0000599c       0x36 c:/program files (x86)/cypress/psoc creator/4.2/psoc creator/import/gnu/arm/5.4.1/bin/../lib/gcc/arm-none-eabi/5.4.1/../../../../arm-none-eabi/lib/armv6-m\libg_nano.a(lib_a-mprec.o)
                0x0000599c                __mcmp
 .text.__mdiff  0x000059d2       0xd6 c:/program files (x86)/cypress/psoc creator/4.2/psoc creator/import/gnu/arm/5.4.1/bin/../lib/gcc/arm-none-eabi/5.4.1/../../../../arm-none-eabi/lib/armv6-m\libg_nano.a(lib_a-mprec.o)
                0x000059d2                __mdiff
 .text.__d2b    0x00005aa8       0xa8 c:/program files (x86)/cypress/psoc creator/4.2/psoc creator/import/gnu/arm/5.4.1/bin/../lib/gcc/arm-none-eabi/5.4.1/../../../../arm-none-eabi/lib/armv6-m\libg_nano.a(lib_a-mprec.o)
                0x00005aa8                __d2b
 .text._calloc_r
                0x00005b50       0x1c c:/program files (x86)/cypress/psoc creator/4.2/psoc creator/import/gnu/arm/5.4.1/bin/../lib/gcc/arm-none-eabi/5.4.1/../../../../arm-none-eabi/lib/armv6-m\libg_nano.a(lib_a-nano-callocr.o)
                0x00005b50                _calloc_r
 .text._free_r  0x00005b6c       0x98 c:/program files (x86)/cypress/psoc creator/4.2/psoc creator/import/gnu/arm/5.4.1/bin/../lib/gcc/arm-none-eabi/5.4.1/../../../../arm-none-eabi/lib/armv6-m\libg_nano.a(lib_a-nano-freer.o)
                0x00005b6c                _free_r
 .text._malloc_r
                0x00005c04       0xc0 c:/program files (x86)/cypress/psoc creator/4.2/psoc creator/import/gnu/arm/5.4.1/bin/../lib/gcc/arm-none-eabi/5.4.1/../../../../arm-none-eabi/lib/armv6-m\libg_nano.a(lib_a-nano-mallocr.o)
                0x00005c04                _malloc_r
 .text.__ssputs_r
                0x00005cc4       0xc4 c:/program files (x86)/cypress/psoc creator/4.2/psoc creator/import/gnu/arm/5.4.1/bin/../lib/gcc/arm-none-eabi/5.4.1/../../../../arm-none-eabi/lib/armv6-m\libg_nano.a(lib_a-nano-svfprintf.o)
                0x00005cc4                __ssputs_r
 .text._svfprintf_r
                0x00005d88      0x1fc c:/program files (x86)/cypress/psoc creator/4.2/psoc creator/import/gnu/arm/5.4.1/bin/../lib/gcc/arm-none-eabi/5.4.1/../../../../arm-none-eabi/lib/armv6-m\libg_nano.a(lib_a-nano-svfprintf.o)
                0x00005d88                _svfiprintf_r
                0x00005d88                _svfprintf_r
 .text._sbrk_r  0x00005f84       0x24 c:/program files (x86)/cypress/psoc creator/4.2/psoc creator/import/gnu/arm/5.4.1/bin/../lib/gcc/arm-none-eabi/5.4.1/../../../../arm-none-eabi/lib/armv6-m\libg_nano.a(lib_a-sbrkr.o)
                0x00005f84                _sbrk_r
 .text.memmove  0x00005fa8       0x2a c:/program files (x86)/cypress/psoc creator/4.2/psoc creator/import/gnu/arm/5.4.1/bin/../lib/gcc/arm-none-eabi/5.4.1/../../../../arm-none-eabi/lib/armv6-m\libg_nano.a(lib_a-memmove.o)
                0x00005fa8                memmove
 .text.__malloc_lock
                0x00005fd2        0x2 c:/program files (x86)/cypress/psoc creator/4.2/psoc creator/import/gnu/arm/5.4.1/bin/../lib/gcc/arm-none-eabi/5.4.1/../../../../arm-none-eabi/lib/armv6-m\libg_nano.a(lib_a-mlock.o)
                0x00005fd2                __malloc_lock
 .text.__malloc_unlock
                0x00005fd4        0x2 c:/program files (x86)/cypress/psoc creator/4.2/psoc creator/import/gnu/arm/5.4.1/bin/../lib/gcc/arm-none-eabi/5.4.1/../../../../arm-none-eabi/lib/armv6-m\libg_nano.a(lib_a-mlock.o)
                0x00005fd4                __malloc_unlock
 .text._realloc_r
                0x00005fd6       0x4c c:/program files (x86)/cypress/psoc creator/4.2/psoc creator/import/gnu/arm/5.4.1/bin/../lib/gcc/arm-none-eabi/5.4.1/../../../../arm-none-eabi/lib/armv6-m\libg_nano.a(lib_a-nano-reallocr.o)
                0x00005fd6                _realloc_r
 .text._malloc_usable_size_r
                0x00006022       0x16 c:/program files (x86)/cypress/psoc creator/4.2/psoc creator/import/gnu/arm/5.4.1/bin/../lib/gcc/arm-none-eabi/5.4.1/../../../../arm-none-eabi/lib/armv6-m\libg_nano.a(lib_a-nano-msizer.o)
                0x00006022                _malloc_usable_size_r
 .text          0x00006038       0x14 c:/program files (x86)/cypress/psoc creator/4.2/psoc creator/import/gnu/arm/5.4.1/bin/../lib/gcc/arm-none-eabi/5.4.1/armv6-m\libgcc.a(_thumb1_case_uqi.o)
                0x00006038                __gnu_thumb1_case_uqi
 .text          0x0000604c       0x7c c:/program files (x86)/cypress/psoc creator/4.2/psoc creator/import/gnu/arm/5.4.1/bin/../lib/gcc/arm-none-eabi/5.4.1/armv6-m\libgcc.a(_arm_cmpdf2.o)
                0x0000604c                __aeabi_cdrcmple
                0x0000605c                __aeabi_cdcmple
                0x0000605c                __aeabi_cdcmpeq
                0x0000606c                __aeabi_dcmpeq
                0x00006078                __aeabi_dcmplt
                0x0000608c                __aeabi_dcmple
                0x000060a0                __aeabi_dcmpgt
                0x000060b4                __aeabi_dcmpge
 .text          0x000060c8      0x658 c:/program files (x86)/cypress/psoc creator/4.2/psoc creator/import/gnu/arm/5.4.1/bin/../lib/gcc/arm-none-eabi/5.4.1/armv6-m\libgcc.a(adddf3.o)
                0x000060c8                __aeabi_dadd
 .text          0x00006720      0x62c c:/program files (x86)/cypress/psoc creator/4.2/psoc creator/import/gnu/arm/5.4.1/bin/../lib/gcc/arm-none-eabi/5.4.1/armv6-m\libgcc.a(divdf3.o)
                0x00006720                __aeabi_ddiv
 .text          0x00006d4c       0x80 c:/program files (x86)/cypress/psoc creator/4.2/psoc creator/import/gnu/arm/5.4.1/bin/../lib/gcc/arm-none-eabi/5.4.1/armv6-m\libgcc.a(eqdf2.o)
                0x00006d4c                __nedf2
                0x00006d4c                __eqdf2
 .text          0x00006dcc       0xc8 c:/program files (x86)/cypress/psoc creator/4.2/psoc creator/import/gnu/arm/5.4.1/bin/../lib/gcc/arm-none-eabi/5.4.1/armv6-m\libgcc.a(gedf2.o)
                0x00006dcc                __gedf2
                0x00006dcc                __gtdf2
 .text          0x00006e94       0xd4 c:/program files (x86)/cypress/psoc creator/4.2/psoc creator/import/gnu/arm/5.4.1/bin/../lib/gcc/arm-none-eabi/5.4.1/armv6-m\libgcc.a(ledf2.o)
                0x00006e94                __ledf2
                0x00006e94                __ltdf2
 .text          0x00006f68       0x40 c:/program files (x86)/cypress/psoc creator/4.2/psoc creator/import/gnu/arm/5.4.1/bin/../lib/gcc/arm-none-eabi/5.4.1/armv6-m\libgcc.a(unorddf2.o)
                0x00006f68                __aeabi_dcmpun
 .text          0x00006fa8       0x6c c:/program files (x86)/cypress/psoc creator/4.2/psoc creator/import/gnu/arm/5.4.1/bin/../lib/gcc/arm-none-eabi/5.4.1/armv6-m\libgcc.a(fixdfsi.o)
                0x00006fa8                __aeabi_d2iz
 .text          0x00007014       0x84 c:/program files (x86)/cypress/psoc creator/4.2/psoc creator/import/gnu/arm/5.4.1/bin/../lib/gcc/arm-none-eabi/5.4.1/armv6-m\libgcc.a(floatsidf.o)
                0x00007014                __aeabi_i2d
 .text          0x00007098       0x70 c:/program files (x86)/cypress/psoc creator/4.2/psoc creator/import/gnu/arm/5.4.1/bin/../lib/gcc/arm-none-eabi/5.4.1/armv6-m\libgcc.a(floatunsidf.o)
                0x00007098                __aeabi_ui2d
 *(.plt)
 *(.gnu.warning)
 *(.glue_7t)
 .glue_7t       0x00007108        0x0 linker stubs
 *(.glue_7)
 .glue_7        0x00007108        0x0 linker stubs
 *(.vfp11_veneer)
 .vfp11_veneer  0x00007108        0x0 linker stubs
 *(.bootloader)
 *(.ARM.extab* .gnu.linkonce.armextab.*)
 *(.gcc_except_table)

.v4_bx          0x00007108        0x0
 .v4_bx         0x00007108        0x0 linker stubs

.iplt           0x00007108        0x0
 .iplt          0x00007108        0x0 c:/program files (x86)/cypress/psoc creator/4.2/psoc creator/import/gnu/arm/5.4.1/bin/../lib/gcc/arm-none-eabi/5.4.1/armv6-m/crtbegin.o

.eh_frame_hdr
 *(.eh_frame_hdr)

.eh_frame       0x00007108        0x4
 *(.eh_frame)
 .eh_frame      0x00007108        0x0 c:/program files (x86)/cypress/psoc creator/4.2/psoc creator/import/gnu/arm/5.4.1/bin/../lib/gcc/arm-none-eabi/5.4.1/armv6-m/crtbegin.o
 .eh_frame      0x00007108        0x4 c:/program files (x86)/cypress/psoc creator/4.2/psoc creator/import/gnu/arm/5.4.1/bin/../lib/gcc/arm-none-eabi/5.4.1/armv6-m/crtend.o
                [!provide]                PROVIDE (__exidx_start, .)

.ARM.exidx
 *(.ARM.exidx* .gnu.linkonce.armexidx.*)
                0x0000710c                __exidx_end = .

.rodata         0x00007110      0x418
 *(.rodata .rodata.* .gnu.linkonce.r.*)
 .rodata.str1.4
                0x00007110       0xf0 .\CortexM0\ARM_GCC_541\Debug\main.o
                                 0xef (size before relaxing)
 .rodata        0x00007200        0xc .\CortexM0\ARM_GCC_541\Debug\cyfitter_cfg.o
 .rodata        0x0000720c       0x14 .\CortexM0\ARM_GCC_541\Debug\ArmDriver.a(ADC.o)
 .rodata        0x00007220       0x2e .\CortexM0\ARM_GCC_541\Debug\ArmDriver.a(CyLib.o)
                0x00007220                cyImoFreqMhz2Reg
 *fill*         0x0000724e        0x2 
 .rodata        0x00007250       0x80 c:/program files (x86)/cypress/psoc creator/4.2/psoc creator/import/gnu/arm/5.4.1/bin/../lib/gcc/arm-none-eabi/5.4.1/armv6-m\libgcc.a(divsf3.o)
 .rodata        0x000072d0       0x40 c:/program files (x86)/cypress/psoc creator/4.2/psoc creator/import/gnu/arm/5.4.1/bin/../lib/gcc/arm-none-eabi/5.4.1/armv6-m\libgcc.a(mulsf3.o)
 .rodata        0x00007310       0x40 c:/program files (x86)/cypress/psoc creator/4.2/psoc creator/import/gnu/arm/5.4.1/bin/../lib/gcc/arm-none-eabi/5.4.1/armv6-m\libgcc.a(muldf3.o)
 .rodata.str1.1
                0x00007350        0x2 c:/program files (x86)/cypress/psoc creator/4.2/psoc creator/import/gnu/arm/5.4.1/bin/../lib/gcc/arm-none-eabi/5.4.1/../../../../arm-none-eabi/lib/armv6-m\libg_nano.a(lib_a-impure.o)
 .rodata.str1.1
                0x00007352       0x12 c:/program files (x86)/cypress/psoc creator/4.2/psoc creator/import/gnu/arm/5.4.1/bin/../lib/gcc/arm-none-eabi/5.4.1/../../../../arm-none-eabi/lib/armv6-m\libg_nano.a(lib_a-nano-vfprintf_float.o)
 .rodata.str1.1
                0x00007364       0x22 c:/program files (x86)/cypress/psoc creator/4.2/psoc creator/import/gnu/arm/5.4.1/bin/../lib/gcc/arm-none-eabi/5.4.1/../../../../arm-none-eabi/lib/armv6-m\libg_nano.a(lib_a-nano-vfprintf_i.o)
 .rodata.str1.1
                0x00007386        0xd c:/program files (x86)/cypress/psoc creator/4.2/psoc creator/import/gnu/arm/5.4.1/bin/../lib/gcc/arm-none-eabi/5.4.1/../../../../arm-none-eabi/lib/armv6-m\libg_nano.a(lib_a-dtoa.o)
                                  0xf (size before relaxing)
 .rodata.str1.1
                0x00007393        0x8 c:/program files (x86)/cypress/psoc creator/4.2/psoc creator/import/gnu/arm/5.4.1/bin/../lib/gcc/arm-none-eabi/5.4.1/../../../../arm-none-eabi/lib/armv6-m\libg_nano.a(lib_a-locale.o)
                                  0xb (size before relaxing)
 *fill*         0x0000739b        0x5 
 .rodata.__mprec_tens
                0x000073a0       0xc8 c:/program files (x86)/cypress/psoc creator/4.2/psoc creator/import/gnu/arm/5.4.1/bin/../lib/gcc/arm-none-eabi/5.4.1/../../../../arm-none-eabi/lib/armv6-m\libg_nano.a(lib_a-mprec.o)
                0x000073a0                __mprec_tens
 .rodata.p05.5408
                0x00007468        0xc c:/program files (x86)/cypress/psoc creator/4.2/psoc creator/import/gnu/arm/5.4.1/bin/../lib/gcc/arm-none-eabi/5.4.1/../../../../arm-none-eabi/lib/armv6-m\libg_nano.a(lib_a-mprec.o)
 *fill*         0x00007474        0x4 
 .rodata.__mprec_bigtens
                0x00007478       0x28 c:/program files (x86)/cypress/psoc creator/4.2/psoc creator/import/gnu/arm/5.4.1/bin/../lib/gcc/arm-none-eabi/5.4.1/../../../../arm-none-eabi/lib/armv6-m\libg_nano.a(lib_a-mprec.o)
                0x00007478                __mprec_bigtens
 .rodata.str1.1
                0x000074a0       0x11 c:/program files (x86)/cypress/psoc creator/4.2/psoc creator/import/gnu/arm/5.4.1/bin/../lib/gcc/arm-none-eabi/5.4.1/../../../../arm-none-eabi/lib/armv6-m\libg_nano.a(lib_a-nano-svfprintf.o)
 *fill*         0x000074b1        0x3 
 .rodata        0x000074b4       0x40 c:/program files (x86)/cypress/psoc creator/4.2/psoc creator/import/gnu/arm/5.4.1/bin/../lib/gcc/arm-none-eabi/5.4.1/armv6-m\libgcc.a(divdf3.o)
                0x000074f4                . = ALIGN (0x4)
 *(.init)
 .init          0x000074f4        0x4 c:/program files (x86)/cypress/psoc creator/4.2/psoc creator/import/gnu/arm/5.4.1/bin/../lib/gcc/arm-none-eabi/5.4.1/armv6-m/crti.o
                0x000074f4                _init
 .init          0x000074f8        0x8 c:/program files (x86)/cypress/psoc creator/4.2/psoc creator/import/gnu/arm/5.4.1/bin/../lib/gcc/arm-none-eabi/5.4.1/armv6-m/crtn.o
                0x00007500                . = ALIGN (0x4)
                0x00007500                __preinit_array_start = .
 *(.preinit_array)
                0x00007500                __preinit_array_end = .
                0x00007500                . = ALIGN (0x4)
                0x00007500                __init_array_start = .
 *(SORT(.init_array.*))
 *(.init_array)
 .init_array    0x00007500        0x4 c:/program files (x86)/cypress/psoc creator/4.2/psoc creator/import/gnu/arm/5.4.1/bin/../lib/gcc/arm-none-eabi/5.4.1/armv6-m/crtbegin.o
 .init_array    0x00007504        0x4 .\CortexM0\ARM_GCC_541\Debug\Cm0Start.o
                0x00007508                __init_array_end = .
                0x00007508                . = ALIGN (0x4)
 *(.fini)
 .fini          0x00007508        0x4 c:/program files (x86)/cypress/psoc creator/4.2/psoc creator/import/gnu/arm/5.4.1/bin/../lib/gcc/arm-none-eabi/5.4.1/armv6-m/crti.o
                0x00007508                _fini
 .fini          0x0000750c        0x8 c:/program files (x86)/cypress/psoc creator/4.2/psoc creator/import/gnu/arm/5.4.1/bin/../lib/gcc/arm-none-eabi/5.4.1/armv6-m/crtn.o
                0x00007514                . = ALIGN (0x4)
                0x00007514                __fini_array_start = .
 *(.fini_array)
 .fini_array    0x00007514        0x4 c:/program files (x86)/cypress/psoc creator/4.2/psoc creator/import/gnu/arm/5.4.1/bin/../lib/gcc/arm-none-eabi/5.4.1/armv6-m/crtbegin.o
 *(SORT(.fini_array.*))
                0x00007518                __fini_array_end = .
                0x00007518                . = ALIGN (0x4)
 *crtbegin.o(.ctors)
 *(EXCLUDE_FILE(*crtend.o) .ctors)
 *(SORT(.ctors.*))
 *crtend.o(.ctors)
                0x00007518                . = ALIGN (0x4)
 *crtbegin.o(.dtors)
 *(EXCLUDE_FILE(*crtend.o) .dtors)
 *(SORT(.dtors.*))
 *crtend.o(.dtors)
                0x00007518                . = ALIGN (0x4)
                0x00007518                __cy_regions = .
                0x00007518        0x4 LONG 0x7528 __cy_region_init_ram
                0x0000751c        0x4 LONG 0x200000c8 __cy_region_start_data
                0x00007520        0x4 LONG 0xe0 __cy_region_init_size_ram
                0x00007524        0x4 LONG 0x180 __cy_region_zero_size_ram
                0x00007528                __cy_regions_end = .
                0x00007528                . = ALIGN (0x8)
                0x00007528                _etext = .

.ramvectors     0x20000000       0xc0
                0x20000000                __cy_region_start_ram = .
 *(.ramvectors)
 .ramvectors    0x20000000       0xc0 .\CortexM0\ARM_GCC_541\Debug\Cm0Start.o
                0x20000000                CyRamVectors

.btldr_run      0x200000c0        0x4
 *(.bootloaderruntype)
 .bootloaderruntype
                0x200000c0        0x4 .\CortexM0\ARM_GCC_541\Debug\Cm0Start.o
                0x200000c0                cyBtldrRunType

.noinit
 *(.noinit)

.data           0x200000c8       0xe0 load address 0x00007528
                0x200000c8                __cy_region_start_data = .
 *(.jcr)
 .jcr           0x200000c8        0x0 c:/program files (x86)/cypress/psoc creator/4.2/psoc creator/import/gnu/arm/5.4.1/bin/../lib/gcc/arm-none-eabi/5.4.1/armv6-m/crtbegin.o
 .jcr           0x200000c8        0x4 c:/program files (x86)/cypress/psoc creator/4.2/psoc creator/import/gnu/arm/5.4.1/bin/../lib/gcc/arm-none-eabi/5.4.1/armv6-m/crtend.o
 *(.got.plt)
 *(.got)
 *(.shdata)
 *(.data .data.* .gnu.linkonce.d.*)
 .data          0x200000cc       0x24 .\CortexM0\ARM_GCC_541\Debug\main.o
                0x200000cc                potHighLimit
                0x200000d0                servoHighLimit
                0x200000e0                servoLowLimit
 .data          0x200000f0        0x4 .\CortexM0\ARM_GCC_541\Debug\Cm0Start.o
 .data          0x200000f4       0x14 .\CortexM0\ARM_GCC_541\Debug\ArmDriver.a(CyLib.o)
                0x200000f4                CySysClkPumpConfig
                0x200000f8                cydelay32kMs
                0x200000fc                cydelayFreqKhz
                0x20000100                cydelayFreqMhz
                0x20000104                cydelayFreqHz
 .data          0x20000108        0x4 .\CortexM0\ARM_GCC_541\Debug\ArmDriver.a(CyLFClk.o)
 .data.impure_data
                0x2000010c       0x60 c:/program files (x86)/cypress/psoc creator/4.2/psoc creator/import/gnu/arm/5.4.1/bin/../lib/gcc/arm-none-eabi/5.4.1/../../../../arm-none-eabi/lib/armv6-m\libg_nano.a(lib_a-impure.o)
 .data._impure_ptr
                0x2000016c        0x4 c:/program files (x86)/cypress/psoc creator/4.2/psoc creator/import/gnu/arm/5.4.1/bin/../lib/gcc/arm-none-eabi/5.4.1/../../../../arm-none-eabi/lib/armv6-m\libg_nano.a(lib_a-impure.o)
                0x2000016c                _impure_ptr
 .data.lconv    0x20000170       0x38 c:/program files (x86)/cypress/psoc creator/4.2/psoc creator/import/gnu/arm/5.4.1/bin/../lib/gcc/arm-none-eabi/5.4.1/../../../../arm-none-eabi/lib/armv6-m\libg_nano.a(lib_a-locale.o)
                0x200001a8                . = ALIGN (0x8)
 *(.ram)
                0x200001a8                _edata = .

.igot.plt       0x200001a8        0x0 load address 0x00007608
 .igot.plt      0x200001a8        0x0 c:/program files (x86)/cypress/psoc creator/4.2/psoc creator/import/gnu/arm/5.4.1/bin/../lib/gcc/arm-none-eabi/5.4.1/armv6-m/crtbegin.o

.bss            0x200001a8      0x180 load address 0x00007608
                0x200001a8                PROVIDE (__bss_start__, .)
 *(.shbss)
 *(.bss .bss.* .gnu.linkonce.b.*)
 .bss           0x200001a8       0x1c c:/program files (x86)/cypress/psoc creator/4.2/psoc creator/import/gnu/arm/5.4.1/bin/../lib/gcc/arm-none-eabi/5.4.1/armv6-m/crtbegin.o
 .bss           0x200001c4        0xc .\CortexM0\ARM_GCC_541\Debug\main.o
                0x200001c4                first
                0x200001c8                i
                0x200001cc                potLowLimit
 .bss           0x200001d0        0x4 .\CortexM0\ARM_GCC_541\Debug\ArmDriver.a(UART.o)
                0x200001d0                UART_initVar
                0x200001d2                UART_IntrTxMask
 .bss           0x200001d4        0x1 .\CortexM0\ARM_GCC_541\Debug\ArmDriver.a(ADC.o)
                0x200001d4                ADC_initVar
 *fill*         0x200001d5        0x3 
 .bss           0x200001d8       0x20 .\CortexM0\ARM_GCC_541\Debug\ArmDriver.a(CyLFClk.o)
 .bss           0x200001f8        0x1 .\CortexM0\ARM_GCC_541\Debug\ArmDriver.a(PWM_1.o)
                0x200001f8                PWM_1_initVar
 .bss           0x200001f9        0x1 .\CortexM0\ARM_GCC_541\Debug\ArmDriver.a(PWM_2.o)
                0x200001f9                PWM_2_initVar
 .bss           0x200001fa        0x1 .\CortexM0\ARM_GCC_541\Debug\ArmDriver.a(PWM_3.o)
                0x200001fa                PWM_3_initVar
 .bss           0x200001fb        0x1 .\CortexM0\ARM_GCC_541\Debug\ArmDriver.a(PWM_4.o)
                0x200001fb                PWM_4_initVar
 .bss.__malloc_sbrk_start
                0x200001fc        0x4 c:/program files (x86)/cypress/psoc creator/4.2/psoc creator/import/gnu/arm/5.4.1/bin/../lib/gcc/arm-none-eabi/5.4.1/../../../../arm-none-eabi/lib/armv6-m\libg_nano.a(lib_a-nano-mallocr.o)
                0x200001fc                __malloc_sbrk_start
 .bss.__malloc_free_list
                0x20000200        0x4 c:/program files (x86)/cypress/psoc creator/4.2/psoc creator/import/gnu/arm/5.4.1/bin/../lib/gcc/arm-none-eabi/5.4.1/../../../../arm-none-eabi/lib/armv6-m\libg_nano.a(lib_a-nano-mallocr.o)
                0x20000200                __malloc_free_list
 *(COMMON)
 COMMON         0x20000204      0x108 .\CortexM0\ARM_GCC_541\Debug\main.o
                0x20000204                servoDuty
                0x20000214                potVal
                0x20000224                rawPotVal
                0x20000234                servoDutyPer
                0x20000244                str
 COMMON         0x2000030c       0x18 .\CortexM0\ARM_GCC_541\Debug\ArmDriver.a(ADC.o)
                0x2000030c                ADC_countsPer10Volt
                0x2000031c                ADC_offset
 COMMON         0x20000324        0x4 c:/program files (x86)/cypress/psoc creator/4.2/psoc creator/import/gnu/arm/5.4.1/bin/../lib/gcc/arm-none-eabi/5.4.1/../../../../arm-none-eabi/lib/armv6-m\libg_nano.a(lib_a-reent.o)
                0x20000324                errno
                0x20000328                . = ALIGN (0x8)
 *(.ram.b)
                0x20000328                _end = .
                0x20000328                __end = .
                0x20000328                PROVIDE (end, .)
                0x20000328                PROVIDE (__bss_end__, .)
                0x00007528                __cy_region_init_ram = LOADADDR (.data)
                0x000000e0                __cy_region_init_size_ram = (_edata - ADDR (.data))
                0x00000180                __cy_region_zero_size_ram = (_end - _edata)

.heap           0x20000328      0x200 load address 0x00007608
                0x20000328                . = _end
                0x20000528                . = (. + 0x200)
 *fill*         0x20000328      0x200 
                0x20000528                __cy_heap_limit = .

.stack          0x20000c00      0x400
                0x20000c00                __cy_stack_limit = .
                0x20001000                . = (. + 0x400)
 *fill*         0x20000c00      0x400 
                0x00000001                ASSERT ((__cy_stack_limit >= __cy_heap_limit), region RAM overflowed with stack)

.cy_checksum_exclude
                0x00007f80        0x0
 *(.cy_checksum_exclude)
                0x00000000                cy_checksum_exclude_size = (CY_APPL_LOADABLE == 0x1)?SIZEOF (.cy_checksum_exclude):0x0
                0x00000001                ASSERT ((cy_checksum_exclude_size <= CY_CHECKSUM_EXCLUDE_SIZE), CY_BOOT: Section .cy_checksum_exclude size exceedes specified limit.)
                0xf0000000                cyloadermeta_start = (cy_project_type_bootloader || cy_project_type_app_for_stack_and_copier)?(LENGTH (rom) - CY_METADATA_SIZE):0xf0000000

.cyloadermeta   0xf0000000       0x40
 *(.cyloadermeta)
 .cyloadermeta  0xf0000000       0x40 .\CortexM0\ARM_GCC_541\Debug\cybootloader.o
                0xf0000000                cy_meta_loader
                0x00007fc0                cyloadablemeta_start = cy_project_type_app_for_stack_and_copier?((LENGTH (rom) - CY_FLASH_ROW_SIZE) - CY_METADATA_SIZE):((LENGTH (rom) - (CY_FLASH_ROW_SIZE * (CY_APPL_NUM - 0x1))) - CY_METADATA_SIZE)

.cyloadablemeta
                0x00007fc0       0x40
 *(.cyloadablemeta)
 .cyloadablemeta
                0x00007fc0       0x40 .\CortexM0\ARM_GCC_541\Debug\cymetadata.o
                0x00007fc0                cy_meta_loadable

.cyflashprotect
                0x90400000       0x20
 *(.cyflashprotect)
 .cyflashprotect
                0x90400000       0x20 .\CortexM0\ARM_GCC_541\Debug\cybootloader.o
                0x90400000                cy_meta_flashprotect

.cymeta         0x90500000        0xc
 *(.cymeta)
 .cymeta        0x90500000        0xc .\CortexM0\ARM_GCC_541\Debug\cybootloader.o
                0x90500000                cy_metadata

.cychipprotect  0x90600000        0x1
 *(.cychipprotect)
 .cychipprotect
                0x90600000        0x1 .\CortexM0\ARM_GCC_541\Debug\cybootloader.o
                0x90600000                cy_meta_chipprotect

.rel.dyn        0x00008000        0x0 load address 0x90600004
 .rel.iplt      0x00008000        0x0 c:/program files (x86)/cypress/psoc creator/4.2/psoc creator/import/gnu/arm/5.4.1/bin/../lib/gcc/arm-none-eabi/5.4.1/armv6-m/crtbegin.o

.stab
 *(.stab)

.stabstr
 *(.stabstr)

.debug
 *(.debug)

.line
 *(.line)

.debug_srcinfo
 *(.debug_srcinfo)

.debug_sfnames
 *(.debug_sfnames)

.debug_aranges  0x00000000      0xb00
 *(.debug_aranges)
 .debug_aranges
                0x00000000       0x20 .\CortexM0\ARM_GCC_541\Debug\main.o
 .debug_aranges
                0x00000020       0x40 .\CortexM0\ARM_GCC_541\Debug\cyfitter_cfg.o
 .debug_aranges
                0x00000060       0x18 .\CortexM0\ARM_GCC_541\Debug\cybootloader.o
 .debug_aranges
                0x00000078       0x18 .\CortexM0\ARM_GCC_541\Debug\cymetadata.o
 .debug_aranges
                0x00000090       0x48 .\CortexM0\ARM_GCC_541\Debug\Cm0Start.o
 .debug_aranges
                0x000000d8       0x60 .\CortexM0\ARM_GCC_541\Debug\ArmDriver.a(UART.o)
 .debug_aranges
                0x00000138       0x68 .\CortexM0\ARM_GCC_541\Debug\ArmDriver.a(UART_UART.o)
 .debug_aranges
                0x000001a0       0xa8 .\CortexM0\ARM_GCC_541\Debug\ArmDriver.a(ADC.o)
 .debug_aranges
                0x00000248       0x20 .\CortexM0\ARM_GCC_541\Debug\ArmDriver.a(ADC_INT.o)
 .debug_aranges
                0x00000268      0x180 .\CortexM0\ARM_GCC_541\Debug\ArmDriver.a(CyLib.o)
 .debug_aranges
                0x000003e8      0x138 .\CortexM0\ARM_GCC_541\Debug\ArmDriver.a(CyLFClk.o)
 .debug_aranges
                0x00000520      0x158 .\CortexM0\ARM_GCC_541\Debug\ArmDriver.a(PWM_1.o)
 .debug_aranges
                0x00000678      0x158 .\CortexM0\ARM_GCC_541\Debug\ArmDriver.a(PWM_2.o)
 .debug_aranges
                0x000007d0      0x158 .\CortexM0\ARM_GCC_541\Debug\ArmDriver.a(PWM_3.o)
 .debug_aranges
                0x00000928      0x158 .\CortexM0\ARM_GCC_541\Debug\ArmDriver.a(PWM_4.o)
 .debug_aranges
                0x00000a80       0x20 .\CortexM0\ARM_GCC_541\Debug\ArmDriver.a(CyBootAsmGnu.o)
 .debug_aranges
                0x00000aa0       0x60 .\CortexM0\ARM_GCC_541\Debug\ArmDriver.a(UART_SPI_UART.o)

.debug_pubnames
 *(.debug_pubnames)

.debug_info     0x00000000     0x56c1
 *(.debug_info .gnu.linkonce.wi.*)
 .debug_info    0x00000000      0x39d .\CortexM0\ARM_GCC_541\Debug\main.o
 .debug_info    0x0000039d      0x2e1 .\CortexM0\ARM_GCC_541\Debug\cyfitter_cfg.o
 .debug_info    0x0000067e      0x153 .\CortexM0\ARM_GCC_541\Debug\cybootloader.o
 .debug_info    0x000007d1       0xac .\CortexM0\ARM_GCC_541\Debug\cymetadata.o
 .debug_info    0x0000087d      0x3b3 .\CortexM0\ARM_GCC_541\Debug\Cm0Start.o
 .debug_info    0x00000c30      0x24c .\CortexM0\ARM_GCC_541\Debug\ArmDriver.a(UART.o)
 .debug_info    0x00000e7c      0x310 .\CortexM0\ARM_GCC_541\Debug\ArmDriver.a(UART_UART.o)
 .debug_info    0x0000118c      0x5a5 .\CortexM0\ARM_GCC_541\Debug\ArmDriver.a(ADC.o)
 .debug_info    0x00001731       0xcb .\CortexM0\ARM_GCC_541\Debug\ArmDriver.a(ADC_INT.o)
 .debug_info    0x000017fc      0xaec .\CortexM0\ARM_GCC_541\Debug\ArmDriver.a(CyLib.o)
 .debug_info    0x000022e8      0xcfe .\CortexM0\ARM_GCC_541\Debug\ArmDriver.a(CyLFClk.o)
 .debug_info    0x00002fe6      0x90b .\CortexM0\ARM_GCC_541\Debug\ArmDriver.a(PWM_1.o)
 .debug_info    0x000038f1      0x90b .\CortexM0\ARM_GCC_541\Debug\ArmDriver.a(PWM_2.o)
 .debug_info    0x000041fc      0x90b .\CortexM0\ARM_GCC_541\Debug\ArmDriver.a(PWM_3.o)
 .debug_info    0x00004b07      0x90b .\CortexM0\ARM_GCC_541\Debug\ArmDriver.a(PWM_4.o)
 .debug_info    0x00005412       0x8f .\CortexM0\ARM_GCC_541\Debug\ArmDriver.a(CyBootAsmGnu.o)
 .debug_info    0x000054a1      0x220 .\CortexM0\ARM_GCC_541\Debug\ArmDriver.a(UART_SPI_UART.o)

.debug_abbrev   0x00000000     0x12c2
 *(.debug_abbrev)
 .debug_abbrev  0x00000000       0xce .\CortexM0\ARM_GCC_541\Debug\main.o
 .debug_abbrev  0x000000ce      0x16e .\CortexM0\ARM_GCC_541\Debug\cyfitter_cfg.o
 .debug_abbrev  0x0000023c       0x77 .\CortexM0\ARM_GCC_541\Debug\cybootloader.o
 .debug_abbrev  0x000002b3       0x5d .\CortexM0\ARM_GCC_541\Debug\cymetadata.o
 .debug_abbrev  0x00000310      0x1e8 .\CortexM0\ARM_GCC_541\Debug\Cm0Start.o
 .debug_abbrev  0x000004f8       0xed .\CortexM0\ARM_GCC_541\Debug\ArmDriver.a(UART.o)
 .debug_abbrev  0x000005e5      0x123 .\CortexM0\ARM_GCC_541\Debug\ArmDriver.a(UART_UART.o)
 .debug_abbrev  0x00000708      0x19e .\CortexM0\ARM_GCC_541\Debug\ArmDriver.a(ADC.o)
 .debug_abbrev  0x000008a6       0x65 .\CortexM0\ARM_GCC_541\Debug\ArmDriver.a(ADC_INT.o)
 .debug_abbrev  0x0000090b      0x1e0 .\CortexM0\ARM_GCC_541\Debug\ArmDriver.a(CyLib.o)
 .debug_abbrev  0x00000aeb      0x210 .\CortexM0\ARM_GCC_541\Debug\ArmDriver.a(CyLFClk.o)
 .debug_abbrev  0x00000cfb      0x119 .\CortexM0\ARM_GCC_541\Debug\ArmDriver.a(PWM_1.o)
 .debug_abbrev  0x00000e14      0x119 .\CortexM0\ARM_GCC_541\Debug\ArmDriver.a(PWM_2.o)
 .debug_abbrev  0x00000f2d      0x119 .\CortexM0\ARM_GCC_541\Debug\ArmDriver.a(PWM_3.o)
 .debug_abbrev  0x00001046      0x119 .\CortexM0\ARM_GCC_541\Debug\ArmDriver.a(PWM_4.o)
 .debug_abbrev  0x0000115f       0x14 .\CortexM0\ARM_GCC_541\Debug\ArmDriver.a(CyBootAsmGnu.o)
 .debug_abbrev  0x00001173      0x14f .\CortexM0\ARM_GCC_541\Debug\ArmDriver.a(UART_SPI_UART.o)

.debug_line     0x00000000     0x2486
 *(.debug_line)
 .debug_line    0x00000000      0x17b .\CortexM0\ARM_GCC_541\Debug\main.o
 .debug_line    0x0000017b      0x16f .\CortexM0\ARM_GCC_541\Debug\cyfitter_cfg.o
 .debug_line    0x000002ea       0x53 .\CortexM0\ARM_GCC_541\Debug\cybootloader.o
 .debug_line    0x0000033d      0x141 .\CortexM0\ARM_GCC_541\Debug\cymetadata.o
 .debug_line    0x0000047e      0x238 .\CortexM0\ARM_GCC_541\Debug\Cm0Start.o
 .debug_line    0x000006b6      0x127 .\CortexM0\ARM_GCC_541\Debug\ArmDriver.a(UART.o)
 .debug_line    0x000007dd      0x16d .\CortexM0\ARM_GCC_541\Debug\ArmDriver.a(UART_UART.o)
 .debug_line    0x0000094a      0x299 .\CortexM0\ARM_GCC_541\Debug\ArmDriver.a(ADC.o)
 .debug_line    0x00000be3       0x62 .\CortexM0\ARM_GCC_541\Debug\ArmDriver.a(ADC_INT.o)
 .debug_line    0x00000c45      0x460 .\CortexM0\ARM_GCC_541\Debug\ArmDriver.a(CyLib.o)
 .debug_line    0x000010a5      0x466 .\CortexM0\ARM_GCC_541\Debug\ArmDriver.a(CyLFClk.o)
 .debug_line    0x0000150b      0x37e .\CortexM0\ARM_GCC_541\Debug\ArmDriver.a(PWM_1.o)
 .debug_line    0x00001889      0x37e .\CortexM0\ARM_GCC_541\Debug\ArmDriver.a(PWM_2.o)
 .debug_line    0x00001c07      0x37e .\CortexM0\ARM_GCC_541\Debug\ArmDriver.a(PWM_3.o)
 .debug_line    0x00001f85      0x37e .\CortexM0\ARM_GCC_541\Debug\ArmDriver.a(PWM_4.o)
 .debug_line    0x00002303       0x69 .\CortexM0\ARM_GCC_541\Debug\ArmDriver.a(CyBootAsmGnu.o)
 .debug_line    0x0000236c      0x11a .\CortexM0\ARM_GCC_541\Debug\ArmDriver.a(UART_SPI_UART.o)

.debug_frame    0x00000000     0x28b8
 *(.debug_frame)
 .debug_frame   0x00000000       0x44 .\CortexM0\ARM_GCC_541\Debug\main.o
 .debug_frame   0x00000044       0x94 .\CortexM0\ARM_GCC_541\Debug\cyfitter_cfg.o
 .debug_frame   0x000000d8       0xbc .\CortexM0\ARM_GCC_541\Debug\Cm0Start.o
 .debug_frame   0x00000194       0xe8 .\CortexM0\ARM_GCC_541\Debug\ArmDriver.a(UART.o)
 .debug_frame   0x0000027c       0xf4 .\CortexM0\ARM_GCC_541\Debug\ArmDriver.a(UART_UART.o)
 .debug_frame   0x00000370      0x1b0 .\CortexM0\ARM_GCC_541\Debug\ArmDriver.a(ADC.o)
 .debug_frame   0x00000520       0x20 .\CortexM0\ARM_GCC_541\Debug\ArmDriver.a(ADC_INT.o)
 .debug_frame   0x00000540      0x3e0 .\CortexM0\ARM_GCC_541\Debug\ArmDriver.a(CyLib.o)
 .debug_frame   0x00000920      0x3a8 .\CortexM0\ARM_GCC_541\Debug\ArmDriver.a(CyLFClk.o)
 .debug_frame   0x00000cc8      0x3a0 .\CortexM0\ARM_GCC_541\Debug\ArmDriver.a(PWM_1.o)
 .debug_frame   0x00001068      0x3a0 .\CortexM0\ARM_GCC_541\Debug\ArmDriver.a(PWM_2.o)
 .debug_frame   0x00001408      0x3a0 .\CortexM0\ARM_GCC_541\Debug\ArmDriver.a(PWM_3.o)
 .debug_frame   0x000017a8      0x3a0 .\CortexM0\ARM_GCC_541\Debug\ArmDriver.a(PWM_4.o)
 .debug_frame   0x00001b48       0xb0 .\CortexM0\ARM_GCC_541\Debug\ArmDriver.a(UART_SPI_UART.o)
 .debug_frame   0x00001bf8       0x20 c:/program files (x86)/cypress/psoc creator/4.2/psoc creator/import/gnu/arm/5.4.1/bin/../lib/gcc/arm-none-eabi/5.4.1/armv6-m\libgcc.a(_udivsi3.o)
 .debug_frame   0x00001c18       0x20 c:/program files (x86)/cypress/psoc creator/4.2/psoc creator/import/gnu/arm/5.4.1/bin/../lib/gcc/arm-none-eabi/5.4.1/armv6-m\libgcc.a(_divsi3.o)
 .debug_frame   0x00001c38       0x34 c:/program files (x86)/cypress/psoc creator/4.2/psoc creator/import/gnu/arm/5.4.1/bin/../lib/gcc/arm-none-eabi/5.4.1/armv6-m\libgcc.a(_muldi3.o)
 .debug_frame   0x00001c6c       0x30 c:/program files (x86)/cypress/psoc creator/4.2/psoc creator/import/gnu/arm/5.4.1/bin/../lib/gcc/arm-none-eabi/5.4.1/armv6-m\libgcc.a(bpabi.o)
 .debug_frame   0x00001c9c       0x30 c:/program files (x86)/cypress/psoc creator/4.2/psoc creator/import/gnu/arm/5.4.1/bin/../lib/gcc/arm-none-eabi/5.4.1/armv6-m\libgcc.a(addsf3.o)
 .debug_frame   0x00001ccc       0x3c c:/program files (x86)/cypress/psoc creator/4.2/psoc creator/import/gnu/arm/5.4.1/bin/../lib/gcc/arm-none-eabi/5.4.1/armv6-m\libgcc.a(divsf3.o)
 .debug_frame   0x00001d08       0x2c c:/program files (x86)/cypress/psoc creator/4.2/psoc creator/import/gnu/arm/5.4.1/bin/../lib/gcc/arm-none-eabi/5.4.1/armv6-m\libgcc.a(eqsf2.o)
 .debug_frame   0x00001d34       0x30 c:/program files (x86)/cypress/psoc creator/4.2/psoc creator/import/gnu/arm/5.4.1/bin/../lib/gcc/arm-none-eabi/5.4.1/armv6-m\libgcc.a(gesf2.o)
 .debug_frame   0x00001d64       0x30 c:/program files (x86)/cypress/psoc creator/4.2/psoc creator/import/gnu/arm/5.4.1/bin/../lib/gcc/arm-none-eabi/5.4.1/armv6-m\libgcc.a(lesf2.o)
 .debug_frame   0x00001d94       0x38 c:/program files (x86)/cypress/psoc creator/4.2/psoc creator/import/gnu/arm/5.4.1/bin/../lib/gcc/arm-none-eabi/5.4.1/armv6-m\libgcc.a(mulsf3.o)
 .debug_frame   0x00001dcc       0x30 c:/program files (x86)/cypress/psoc creator/4.2/psoc creator/import/gnu/arm/5.4.1/bin/../lib/gcc/arm-none-eabi/5.4.1/armv6-m\libgcc.a(subsf3.o)
 .debug_frame   0x00001dfc       0x20 c:/program files (x86)/cypress/psoc creator/4.2/psoc creator/import/gnu/arm/5.4.1/bin/../lib/gcc/arm-none-eabi/5.4.1/armv6-m\libgcc.a(fixsfsi.o)
 .debug_frame   0x00001e1c       0x2c c:/program files (x86)/cypress/psoc creator/4.2/psoc creator/import/gnu/arm/5.4.1/bin/../lib/gcc/arm-none-eabi/5.4.1/armv6-m\libgcc.a(floatsisf.o)
 .debug_frame   0x00001e48       0x3c c:/program files (x86)/cypress/psoc creator/4.2/psoc creator/import/gnu/arm/5.4.1/bin/../lib/gcc/arm-none-eabi/5.4.1/armv6-m\libgcc.a(muldf3.o)
 .debug_frame   0x00001e84       0x38 c:/program files (x86)/cypress/psoc creator/4.2/psoc creator/import/gnu/arm/5.4.1/bin/../lib/gcc/arm-none-eabi/5.4.1/armv6-m\libgcc.a(subdf3.o)
 .debug_frame   0x00001ebc       0x2c c:/program files (x86)/cypress/psoc creator/4.2/psoc creator/import/gnu/arm/5.4.1/bin/../lib/gcc/arm-none-eabi/5.4.1/armv6-m\libgcc.a(extendsfdf2.o)
 .debug_frame   0x00001ee8       0x2c c:/program files (x86)/cypress/psoc creator/4.2/psoc creator/import/gnu/arm/5.4.1/bin/../lib/gcc/arm-none-eabi/5.4.1/armv6-m\libgcc.a(truncdfsf2.o)
 .debug_frame   0x00001f14       0x3c c:/program files (x86)/cypress/psoc creator/4.2/psoc creator/import/gnu/arm/5.4.1/bin/../lib/gcc/arm-none-eabi/5.4.1/armv6-m\libgcc.a(_divdi3.o)
 .debug_frame   0x00001f50       0x20 c:/program files (x86)/cypress/psoc creator/4.2/psoc creator/import/gnu/arm/5.4.1/bin/../lib/gcc/arm-none-eabi/5.4.1/../../../../arm-none-eabi/lib/armv6-m\libg_nano.a(lib_a-errno.o)
 .debug_frame   0x00001f70       0x28 c:/program files (x86)/cypress/psoc creator/4.2/psoc creator/import/gnu/arm/5.4.1/bin/../lib/gcc/arm-none-eabi/5.4.1/../../../../arm-none-eabi/lib/armv6-m\libg_nano.a(lib_a-exit.o)
 .debug_frame   0x00001f98       0x2c c:/program files (x86)/cypress/psoc creator/4.2/psoc creator/import/gnu/arm/5.4.1/bin/../lib/gcc/arm-none-eabi/5.4.1/../../../../arm-none-eabi/lib/armv6-m\libg_nano.a(lib_a-init.o)
 .debug_frame   0x00001fc4       0x20 c:/program files (x86)/cypress/psoc creator/4.2/psoc creator/import/gnu/arm/5.4.1/bin/../lib/gcc/arm-none-eabi/5.4.1/../../../../arm-none-eabi/lib/armv6-m\libg_nano.a(lib_a-memset.o)
 .debug_frame   0x00001fe4       0x74 c:/program files (x86)/cypress/psoc creator/4.2/psoc creator/import/gnu/arm/5.4.1/bin/../lib/gcc/arm-none-eabi/5.4.1/../../../../arm-none-eabi/lib/armv6-m\libg_nano.a(lib_a-nano-vfprintf_float.o)
 .debug_frame   0x00002058       0x54 c:/program files (x86)/cypress/psoc creator/4.2/psoc creator/import/gnu/arm/5.4.1/bin/../lib/gcc/arm-none-eabi/5.4.1/../../../../arm-none-eabi/lib/armv6-m\libg_nano.a(lib_a-nano-vfprintf_i.o)
 .debug_frame   0x000020ac       0x50 c:/program files (x86)/cypress/psoc creator/4.2/psoc creator/import/gnu/arm/5.4.1/bin/../lib/gcc/arm-none-eabi/5.4.1/../../../../arm-none-eabi/lib/armv6-m\libg_nano.a(lib_a-sprintf.o)
 .debug_frame   0x000020fc       0x54 c:/program files (x86)/cypress/psoc creator/4.2/psoc creator/import/gnu/arm/5.4.1/bin/../lib/gcc/arm-none-eabi/5.4.1/../../../../arm-none-eabi/lib/armv6-m\libg_nano.a(lib_a-dtoa.o)
 .debug_frame   0x00002150       0xa4 c:/program files (x86)/cypress/psoc creator/4.2/psoc creator/import/gnu/arm/5.4.1/bin/../lib/gcc/arm-none-eabi/5.4.1/../../../../arm-none-eabi/lib/armv6-m\libg_nano.a(lib_a-locale.o)
 .debug_frame   0x000021f4       0x40 c:/program files (x86)/cypress/psoc creator/4.2/psoc creator/import/gnu/arm/5.4.1/bin/../lib/gcc/arm-none-eabi/5.4.1/../../../../arm-none-eabi/lib/armv6-m\libg_nano.a(lib_a-malloc.o)
 .debug_frame   0x00002234       0x20 c:/program files (x86)/cypress/psoc creator/4.2/psoc creator/import/gnu/arm/5.4.1/bin/../lib/gcc/arm-none-eabi/5.4.1/../../../../arm-none-eabi/lib/armv6-m\libg_nano.a(lib_a-memchr-stub.o)
 .debug_frame   0x00002254       0x28 c:/program files (x86)/cypress/psoc creator/4.2/psoc creator/import/gnu/arm/5.4.1/bin/../lib/gcc/arm-none-eabi/5.4.1/../../../../arm-none-eabi/lib/armv6-m\libg_nano.a(lib_a-memcpy-stub.o)
 .debug_frame   0x0000227c      0x238 c:/program files (x86)/cypress/psoc creator/4.2/psoc creator/import/gnu/arm/5.4.1/bin/../lib/gcc/arm-none-eabi/5.4.1/../../../../arm-none-eabi/lib/armv6-m\libg_nano.a(lib_a-mprec.o)
 .debug_frame   0x000024b4       0x2c c:/program files (x86)/cypress/psoc creator/4.2/psoc creator/import/gnu/arm/5.4.1/bin/../lib/gcc/arm-none-eabi/5.4.1/../../../../arm-none-eabi/lib/armv6-m\libg_nano.a(lib_a-nano-callocr.o)
 .debug_frame   0x000024e0       0x2c c:/program files (x86)/cypress/psoc creator/4.2/psoc creator/import/gnu/arm/5.4.1/bin/../lib/gcc/arm-none-eabi/5.4.1/../../../../arm-none-eabi/lib/armv6-m\libg_nano.a(lib_a-nano-freer.o)
 .debug_frame   0x0000250c       0x2c c:/program files (x86)/cypress/psoc creator/4.2/psoc creator/import/gnu/arm/5.4.1/bin/../lib/gcc/arm-none-eabi/5.4.1/../../../../arm-none-eabi/lib/armv6-m\libg_nano.a(lib_a-nano-mallocr.o)
 .debug_frame   0x00002538       0x74 c:/program files (x86)/cypress/psoc creator/4.2/psoc creator/import/gnu/arm/5.4.1/bin/../lib/gcc/arm-none-eabi/5.4.1/../../../../arm-none-eabi/lib/armv6-m\libg_nano.a(lib_a-nano-svfprintf.o)
 .debug_frame   0x000025ac       0x2c c:/program files (x86)/cypress/psoc creator/4.2/psoc creator/import/gnu/arm/5.4.1/bin/../lib/gcc/arm-none-eabi/5.4.1/../../../../arm-none-eabi/lib/armv6-m\libg_nano.a(lib_a-sbrkr.o)
 .debug_frame   0x000025d8       0x20 c:/program files (x86)/cypress/psoc creator/4.2/psoc creator/import/gnu/arm/5.4.1/bin/../lib/gcc/arm-none-eabi/5.4.1/../../../../arm-none-eabi/lib/armv6-m\libg_nano.a(lib_a-strcmp.o)
 .debug_frame   0x000025f8       0x28 c:/program files (x86)/cypress/psoc creator/4.2/psoc creator/import/gnu/arm/5.4.1/bin/../lib/gcc/arm-none-eabi/5.4.1/../../../../arm-none-eabi/lib/armv6-m\libg_nano.a(lib_a-memmove.o)
 .debug_frame   0x00002620       0x30 c:/program files (x86)/cypress/psoc creator/4.2/psoc creator/import/gnu/arm/5.4.1/bin/../lib/gcc/arm-none-eabi/5.4.1/../../../../arm-none-eabi/lib/armv6-m\libg_nano.a(lib_a-mlock.o)
 .debug_frame   0x00002650       0x30 c:/program files (x86)/cypress/psoc creator/4.2/psoc creator/import/gnu/arm/5.4.1/bin/../lib/gcc/arm-none-eabi/5.4.1/../../../../arm-none-eabi/lib/armv6-m\libg_nano.a(lib_a-nano-reallocr.o)
 .debug_frame   0x00002680       0x48 c:/program files (x86)/cypress/psoc creator/4.2/psoc creator/import/gnu/arm/5.4.1/bin/../lib/gcc/arm-none-eabi/5.4.1/../../../../arm-none-eabi/lib/armv6-m\libg_nano.a(lib_a-reent.o)
 .debug_frame   0x000026c8       0x20 c:/program files (x86)/cypress/psoc creator/4.2/psoc creator/import/gnu/arm/5.4.1/bin/../lib/gcc/arm-none-eabi/5.4.1/../../../../arm-none-eabi/lib/armv6-m\libg_nano.a(lib_a-nano-msizer.o)
 .debug_frame   0x000026e8       0x3c c:/program files (x86)/cypress/psoc creator/4.2/psoc creator/import/gnu/arm/5.4.1/bin/../lib/gcc/arm-none-eabi/5.4.1/armv6-m\libgcc.a(adddf3.o)
 .debug_frame   0x00002724       0x3c c:/program files (x86)/cypress/psoc creator/4.2/psoc creator/import/gnu/arm/5.4.1/bin/../lib/gcc/arm-none-eabi/5.4.1/armv6-m\libgcc.a(divdf3.o)
 .debug_frame   0x00002760       0x38 c:/program files (x86)/cypress/psoc creator/4.2/psoc creator/import/gnu/arm/5.4.1/bin/../lib/gcc/arm-none-eabi/5.4.1/armv6-m\libgcc.a(eqdf2.o)
 .debug_frame   0x00002798       0x38 c:/program files (x86)/cypress/psoc creator/4.2/psoc creator/import/gnu/arm/5.4.1/bin/../lib/gcc/arm-none-eabi/5.4.1/armv6-m\libgcc.a(gedf2.o)
 .debug_frame   0x000027d0       0x38 c:/program files (x86)/cypress/psoc creator/4.2/psoc creator/import/gnu/arm/5.4.1/bin/../lib/gcc/arm-none-eabi/5.4.1/armv6-m\libgcc.a(ledf2.o)
 .debug_frame   0x00002808       0x2c c:/program files (x86)/cypress/psoc creator/4.2/psoc creator/import/gnu/arm/5.4.1/bin/../lib/gcc/arm-none-eabi/5.4.1/armv6-m\libgcc.a(unorddf2.o)
 .debug_frame   0x00002834       0x2c c:/program files (x86)/cypress/psoc creator/4.2/psoc creator/import/gnu/arm/5.4.1/bin/../lib/gcc/arm-none-eabi/5.4.1/armv6-m\libgcc.a(fixdfsi.o)
 .debug_frame   0x00002860       0x2c c:/program files (x86)/cypress/psoc creator/4.2/psoc creator/import/gnu/arm/5.4.1/bin/../lib/gcc/arm-none-eabi/5.4.1/armv6-m\libgcc.a(floatsidf.o)
 .debug_frame   0x0000288c       0x2c c:/program files (x86)/cypress/psoc creator/4.2/psoc creator/import/gnu/arm/5.4.1/bin/../lib/gcc/arm-none-eabi/5.4.1/armv6-m\libgcc.a(floatunsidf.o)

.debug_str      0x00000000     0x2184
 *(.debug_str)
 .debug_str     0x00000000      0x27f .\CortexM0\ARM_GCC_541\Debug\main.o
                                0x2bf (size before relaxing)
 .debug_str     0x0000027f       0xfa .\CortexM0\ARM_GCC_541\Debug\cyfitter_cfg.o
                                0x281 (size before relaxing)
 .debug_str     0x00000379       0x78 .\CortexM0\ARM_GCC_541\Debug\cybootloader.o
                                0x1ec (size before relaxing)
 .debug_str     0x000003f1       0x3f .\CortexM0\ARM_GCC_541\Debug\cymetadata.o
                                0x1a3 (size before relaxing)
 .debug_str     0x00000430      0x14f .\CortexM0\ARM_GCC_541\Debug\Cm0Start.o
                                0x30f (size before relaxing)
 .debug_str     0x0000057f      0x113 .\CortexM0\ARM_GCC_541\Debug\ArmDriver.a(UART.o)
                                0x2b2 (size before relaxing)
 .debug_str     0x00000692      0x152 .\CortexM0\ARM_GCC_541\Debug\ArmDriver.a(UART_UART.o)
                                0x33b (size before relaxing)
 .debug_str     0x000007e4      0x1da .\CortexM0\ARM_GCC_541\Debug\ArmDriver.a(ADC.o)
                                0x3d7 (size before relaxing)
 .debug_str     0x000009be       0x35 .\CortexM0\ARM_GCC_541\Debug\ArmDriver.a(ADC_INT.o)
                                0x1bc (size before relaxing)
 .debug_str     0x000009f3      0x4a8 .\CortexM0\ARM_GCC_541\Debug\ArmDriver.a(CyLib.o)
                                0x6b5 (size before relaxing)
 .debug_str     0x00000e9b      0x527 .\CortexM0\ARM_GCC_541\Debug\ArmDriver.a(CyLFClk.o)
                                0x73c (size before relaxing)
 .debug_str     0x000013c2      0x3c7 .\CortexM0\ARM_GCC_541\Debug\ArmDriver.a(PWM_1.o)
                                0x5b0 (size before relaxing)
 .debug_str     0x00001789      0x308 .\CortexM0\ARM_GCC_541\Debug\ArmDriver.a(PWM_2.o)
                                0x5b0 (size before relaxing)
 .debug_str     0x00001a91      0x308 .\CortexM0\ARM_GCC_541\Debug\ArmDriver.a(PWM_3.o)
                                0x5b0 (size before relaxing)
 .debug_str     0x00001d99      0x308 .\CortexM0\ARM_GCC_541\Debug\ArmDriver.a(PWM_4.o)
                                0x5b0 (size before relaxing)
 .debug_str     0x000020a1       0xe3 .\CortexM0\ARM_GCC_541\Debug\ArmDriver.a(UART_SPI_UART.o)
                                0x2cd (size before relaxing)

.debug_loc      0x00000000     0x2e37
 *(.debug_loc)
 .debug_loc     0x00000000       0xc7 .\CortexM0\ARM_GCC_541\Debug\cyfitter_cfg.o
 .debug_loc     0x000000c7      0x14f .\CortexM0\ARM_GCC_541\Debug\Cm0Start.o
 .debug_loc     0x00000216       0x7e .\CortexM0\ARM_GCC_541\Debug\ArmDriver.a(UART.o)
 .debug_loc     0x00000294      0x1e4 .\CortexM0\ARM_GCC_541\Debug\ArmDriver.a(UART_UART.o)
 .debug_loc     0x00000478      0x4bf .\CortexM0\ARM_GCC_541\Debug\ArmDriver.a(ADC.o)
 .debug_loc     0x00000937      0x599 .\CortexM0\ARM_GCC_541\Debug\ArmDriver.a(CyLib.o)
 .debug_loc     0x00000ed0      0x9b5 .\CortexM0\ARM_GCC_541\Debug\ArmDriver.a(CyLFClk.o)
 .debug_loc     0x00001885      0x547 .\CortexM0\ARM_GCC_541\Debug\ArmDriver.a(PWM_1.o)
 .debug_loc     0x00001dcc      0x547 .\CortexM0\ARM_GCC_541\Debug\ArmDriver.a(PWM_2.o)
 .debug_loc     0x00002313      0x547 .\CortexM0\ARM_GCC_541\Debug\ArmDriver.a(PWM_3.o)
 .debug_loc     0x0000285a      0x547 .\CortexM0\ARM_GCC_541\Debug\ArmDriver.a(PWM_4.o)
 .debug_loc     0x00002da1       0x96 .\CortexM0\ARM_GCC_541\Debug\ArmDriver.a(UART_SPI_UART.o)

.debug_macinfo
 *(.debug_macinfo)

.debug_ranges   0x00000000      0x9d0
 *(.debug_ranges)
 .debug_ranges  0x00000000       0x10 .\CortexM0\ARM_GCC_541\Debug\main.o
 .debug_ranges  0x00000010       0x30 .\CortexM0\ARM_GCC_541\Debug\cyfitter_cfg.o
 .debug_ranges  0x00000040       0x38 .\CortexM0\ARM_GCC_541\Debug\Cm0Start.o
 .debug_ranges  0x00000078       0x50 .\CortexM0\ARM_GCC_541\Debug\ArmDriver.a(UART.o)
 .debug_ranges  0x000000c8       0x58 .\CortexM0\ARM_GCC_541\Debug\ArmDriver.a(UART_UART.o)
 .debug_ranges  0x00000120       0x98 .\CortexM0\ARM_GCC_541\Debug\ArmDriver.a(ADC.o)
 .debug_ranges  0x000001b8       0x10 .\CortexM0\ARM_GCC_541\Debug\ArmDriver.a(ADC_INT.o)
 .debug_ranges  0x000001c8      0x170 .\CortexM0\ARM_GCC_541\Debug\ArmDriver.a(CyLib.o)
 .debug_ranges  0x00000338      0x128 .\CortexM0\ARM_GCC_541\Debug\ArmDriver.a(CyLFClk.o)
 .debug_ranges  0x00000460      0x148 .\CortexM0\ARM_GCC_541\Debug\ArmDriver.a(PWM_1.o)
 .debug_ranges  0x000005a8      0x148 .\CortexM0\ARM_GCC_541\Debug\ArmDriver.a(PWM_2.o)
 .debug_ranges  0x000006f0      0x148 .\CortexM0\ARM_GCC_541\Debug\ArmDriver.a(PWM_3.o)
 .debug_ranges  0x00000838      0x148 .\CortexM0\ARM_GCC_541\Debug\ArmDriver.a(PWM_4.o)
 .debug_ranges  0x00000980       0x50 .\CortexM0\ARM_GCC_541\Debug\ArmDriver.a(UART_SPI_UART.o)

.comment        0x00000000       0x6e
 .comment       0x00000000       0x6e .\CortexM0\ARM_GCC_541\Debug\main.o
                                 0x6f (size before relaxing)
 .comment       0x0000006e       0x6f .\CortexM0\ARM_GCC_541\Debug\cyfitter_cfg.o
 .comment       0x0000006e       0x6f .\CortexM0\ARM_GCC_541\Debug\cybootloader.o
 .comment       0x0000006e       0x6f .\CortexM0\ARM_GCC_541\Debug\cymetadata.o
 .comment       0x0000006e       0x6f .\CortexM0\ARM_GCC_541\Debug\Cm0Start.o
 .comment       0x0000006e       0x6f .\CortexM0\ARM_GCC_541\Debug\ArmDriver.a(UART.o)
 .comment       0x0000006e       0x6f .\CortexM0\ARM_GCC_541\Debug\ArmDriver.a(UART_UART.o)
 .comment       0x0000006e       0x6f .\CortexM0\ARM_GCC_541\Debug\ArmDriver.a(ADC.o)
 .comment       0x0000006e       0x6f .\CortexM0\ARM_GCC_541\Debug\ArmDriver.a(ADC_INT.o)
 .comment       0x0000006e       0x6f .\CortexM0\ARM_GCC_541\Debug\ArmDriver.a(CyLib.o)
 .comment       0x0000006e       0x6f .\CortexM0\ARM_GCC_541\Debug\ArmDriver.a(CyLFClk.o)
 .comment       0x0000006e       0x6f .\CortexM0\ARM_GCC_541\Debug\ArmDriver.a(PWM_1.o)
 .comment       0x0000006e       0x6f .\CortexM0\ARM_GCC_541\Debug\ArmDriver.a(PWM_2.o)
 .comment       0x0000006e       0x6f .\CortexM0\ARM_GCC_541\Debug\ArmDriver.a(PWM_3.o)
 .comment       0x0000006e       0x6f .\CortexM0\ARM_GCC_541\Debug\ArmDriver.a(PWM_4.o)
 .comment       0x0000006e       0x6f .\CortexM0\ARM_GCC_541\Debug\ArmDriver.a(UART_SPI_UART.o)

.debug_weaknames
 *(.debug_weaknames)

.debug_funcnames
 *(.debug_funcnames)

.debug_typenames
 *(.debug_typenames)

.debug_varnames
 *(.debug_varnames)

.note.gnu.arm.ident
 *(.note.gnu.arm.ident)

.ARM.attributes
                0x00000000       0x28
 *(.ARM.attributes)
 .ARM.attributes
                0x00000000       0x1e c:/program files (x86)/cypress/psoc creator/4.2/psoc creator/import/gnu/arm/5.4.1/bin/../lib/gcc/arm-none-eabi/5.4.1/armv6-m/crti.o
 .ARM.attributes
                0x0000001e       0x2c c:/program files (x86)/cypress/psoc creator/4.2/psoc creator/import/gnu/arm/5.4.1/bin/../lib/gcc/arm-none-eabi/5.4.1/armv6-m/crtbegin.o
 .ARM.attributes
                0x0000004a       0x1b c:/program files (x86)/cypress/psoc creator/4.2/psoc creator/import/gnu/arm/5.4.1/bin/../lib/gcc/arm-none-eabi/5.4.1/../../../../arm-none-eabi/lib/armv6-m/crt0.o
 .ARM.attributes
                0x00000065       0x31 .\CortexM0\ARM_GCC_541\Debug\main.o
 .ARM.attributes
                0x00000096       0x31 .\CortexM0\ARM_GCC_541\Debug\cyfitter_cfg.o
 .ARM.attributes
                0x000000c7       0x31 .\CortexM0\ARM_GCC_541\Debug\cybootloader.o
 .ARM.attributes
                0x000000f8       0x31 .\CortexM0\ARM_GCC_541\Debug\cymetadata.o
 .ARM.attributes
                0x00000129       0x31 .\CortexM0\ARM_GCC_541\Debug\Cm0Start.o
 .ARM.attributes
                0x0000015a       0x31 .\CortexM0\ARM_GCC_541\Debug\ArmDriver.a(UART.o)
 .ARM.attributes
                0x0000018b       0x31 .\CortexM0\ARM_GCC_541\Debug\ArmDriver.a(UART_UART.o)
 .ARM.attributes
                0x000001bc       0x31 .\CortexM0\ARM_GCC_541\Debug\ArmDriver.a(ADC.o)
 .ARM.attributes
                0x000001ed       0x31 .\CortexM0\ARM_GCC_541\Debug\ArmDriver.a(ADC_INT.o)
 .ARM.attributes
                0x0000021e       0x31 .\CortexM0\ARM_GCC_541\Debug\ArmDriver.a(CyLib.o)
 .ARM.attributes
                0x0000024f       0x31 .\CortexM0\ARM_GCC_541\Debug\ArmDriver.a(CyLFClk.o)
 .ARM.attributes
                0x00000280       0x31 .\CortexM0\ARM_GCC_541\Debug\ArmDriver.a(PWM_1.o)
 .ARM.attributes
                0x000002b1       0x31 .\CortexM0\ARM_GCC_541\Debug\ArmDriver.a(PWM_2.o)
 .ARM.attributes
                0x000002e2       0x31 .\CortexM0\ARM_GCC_541\Debug\ArmDriver.a(PWM_3.o)
 .ARM.attributes
                0x00000313       0x31 .\CortexM0\ARM_GCC_541\Debug\ArmDriver.a(PWM_4.o)
 .ARM.attributes
                0x00000344       0x21 .\CortexM0\ARM_GCC_541\Debug\ArmDriver.a(CyBootAsmGnu.o)
 .ARM.attributes
                0x00000365       0x31 .\CortexM0\ARM_GCC_541\Debug\ArmDriver.a(UART_SPI_UART.o)
 .ARM.attributes
                0x00000396       0x1e c:/program files (x86)/cypress/psoc creator/4.2/psoc creator/import/gnu/arm/5.4.1/bin/../lib/gcc/arm-none-eabi/5.4.1/armv6-m\libgcc.a(_udivsi3.o)
 .ARM.attributes
                0x000003b4       0x1e c:/program files (x86)/cypress/psoc creator/4.2/psoc creator/import/gnu/arm/5.4.1/bin/../lib/gcc/arm-none-eabi/5.4.1/armv6-m\libgcc.a(_divsi3.o)
 .ARM.attributes
                0x000003d2       0x1e c:/program files (x86)/cypress/psoc creator/4.2/psoc creator/import/gnu/arm/5.4.1/bin/../lib/gcc/arm-none-eabi/5.4.1/armv6-m\libgcc.a(_dvmd_tls.o)
 .ARM.attributes
                0x000003f0       0x1e c:/program files (x86)/cypress/psoc creator/4.2/psoc creator/import/gnu/arm/5.4.1/bin/../lib/gcc/arm-none-eabi/5.4.1/armv6-m\libgcc.a(_arm_cmpsf2.o)
 .ARM.attributes
                0x0000040e       0x1e c:/program files (x86)/cypress/psoc creator/4.2/psoc creator/import/gnu/arm/5.4.1/bin/../lib/gcc/arm-none-eabi/5.4.1/armv6-m\libgcc.a(_aeabi_ldivmod.o)
 .ARM.attributes
                0x0000042c       0x2c c:/program files (x86)/cypress/psoc creator/4.2/psoc creator/import/gnu/arm/5.4.1/bin/../lib/gcc/arm-none-eabi/5.4.1/armv6-m\libgcc.a(_muldi3.o)
 .ARM.attributes
                0x00000458       0x2c c:/program files (x86)/cypress/psoc creator/4.2/psoc creator/import/gnu/arm/5.4.1/bin/../lib/gcc/arm-none-eabi/5.4.1/armv6-m\libgcc.a(bpabi.o)
 .ARM.attributes
                0x00000484       0x2c c:/program files (x86)/cypress/psoc creator/4.2/psoc creator/import/gnu/arm/5.4.1/bin/../lib/gcc/arm-none-eabi/5.4.1/armv6-m\libgcc.a(addsf3.o)
 .ARM.attributes
                0x000004b0       0x2c c:/program files (x86)/cypress/psoc creator/4.2/psoc creator/import/gnu/arm/5.4.1/bin/../lib/gcc/arm-none-eabi/5.4.1/armv6-m\libgcc.a(divsf3.o)
 .ARM.attributes
                0x000004dc       0x2c c:/program files (x86)/cypress/psoc creator/4.2/psoc creator/import/gnu/arm/5.4.1/bin/../lib/gcc/arm-none-eabi/5.4.1/armv6-m\libgcc.a(eqsf2.o)
 .ARM.attributes
                0x00000508       0x2c c:/program files (x86)/cypress/psoc creator/4.2/psoc creator/import/gnu/arm/5.4.1/bin/../lib/gcc/arm-none-eabi/5.4.1/armv6-m\libgcc.a(gesf2.o)
 .ARM.attributes
                0x00000534       0x2c c:/program files (x86)/cypress/psoc creator/4.2/psoc creator/import/gnu/arm/5.4.1/bin/../lib/gcc/arm-none-eabi/5.4.1/armv6-m\libgcc.a(lesf2.o)
 .ARM.attributes
                0x00000560       0x2c c:/program files (x86)/cypress/psoc creator/4.2/psoc creator/import/gnu/arm/5.4.1/bin/../lib/gcc/arm-none-eabi/5.4.1/armv6-m\libgcc.a(mulsf3.o)
 .ARM.attributes
                0x0000058c       0x2c c:/program files (x86)/cypress/psoc creator/4.2/psoc creator/import/gnu/arm/5.4.1/bin/../lib/gcc/arm-none-eabi/5.4.1/armv6-m\libgcc.a(subsf3.o)
 .ARM.attributes
                0x000005b8       0x2c c:/program files (x86)/cypress/psoc creator/4.2/psoc creator/import/gnu/arm/5.4.1/bin/../lib/gcc/arm-none-eabi/5.4.1/armv6-m\libgcc.a(fixsfsi.o)
 .ARM.attributes
                0x000005e4       0x2c c:/program files (x86)/cypress/psoc creator/4.2/psoc creator/import/gnu/arm/5.4.1/bin/../lib/gcc/arm-none-eabi/5.4.1/armv6-m\libgcc.a(floatsisf.o)
 .ARM.attributes
                0x00000610       0x2c c:/program files (x86)/cypress/psoc creator/4.2/psoc creator/import/gnu/arm/5.4.1/bin/../lib/gcc/arm-none-eabi/5.4.1/armv6-m\libgcc.a(muldf3.o)
 .ARM.attributes
                0x0000063c       0x2c c:/program files (x86)/cypress/psoc creator/4.2/psoc creator/import/gnu/arm/5.4.1/bin/../lib/gcc/arm-none-eabi/5.4.1/armv6-m\libgcc.a(subdf3.o)
 .ARM.attributes
                0x00000668       0x2c c:/program files (x86)/cypress/psoc creator/4.2/psoc creator/import/gnu/arm/5.4.1/bin/../lib/gcc/arm-none-eabi/5.4.1/armv6-m\libgcc.a(extendsfdf2.o)
 .ARM.attributes
                0x00000694       0x2c c:/program files (x86)/cypress/psoc creator/4.2/psoc creator/import/gnu/arm/5.4.1/bin/../lib/gcc/arm-none-eabi/5.4.1/armv6-m\libgcc.a(truncdfsf2.o)
 .ARM.attributes
                0x000006c0       0x1e c:/program files (x86)/cypress/psoc creator/4.2/psoc creator/import/gnu/arm/5.4.1/bin/../lib/gcc/arm-none-eabi/5.4.1/armv6-m\libgcc.a(_clzsi2.o)
 .ARM.attributes
                0x000006de       0x2c c:/program files (x86)/cypress/psoc creator/4.2/psoc creator/import/gnu/arm/5.4.1/bin/../lib/gcc/arm-none-eabi/5.4.1/armv6-m\libgcc.a(_divdi3.o)
 .ARM.attributes
                0x0000070a       0x1e c:/program files (x86)/cypress/psoc creator/4.2/psoc creator/import/gnu/arm/5.4.1/bin/../lib/gcc/arm-none-eabi/5.4.1/armv6-m\libgcc.a(_clzdi2.o)
 .ARM.attributes
                0x00000728       0x2c c:/program files (x86)/cypress/psoc creator/4.2/psoc creator/import/gnu/arm/5.4.1/bin/../lib/gcc/arm-none-eabi/5.4.1/../../../../arm-none-eabi/lib/armv6-m\libg_nano.a(lib_a-errno.o)
 .ARM.attributes
                0x00000754       0x2c c:/program files (x86)/cypress/psoc creator/4.2/psoc creator/import/gnu/arm/5.4.1/bin/../lib/gcc/arm-none-eabi/5.4.1/../../../../arm-none-eabi/lib/armv6-m\libg_nano.a(lib_a-exit.o)
 .ARM.attributes
                0x00000780       0x2c c:/program files (x86)/cypress/psoc creator/4.2/psoc creator/import/gnu/arm/5.4.1/bin/../lib/gcc/arm-none-eabi/5.4.1/../../../../arm-none-eabi/lib/armv6-m\libg_nano.a(lib_a-impure.o)
 .ARM.attributes
                0x000007ac       0x2c c:/program files (x86)/cypress/psoc creator/4.2/psoc creator/import/gnu/arm/5.4.1/bin/../lib/gcc/arm-none-eabi/5.4.1/../../../../arm-none-eabi/lib/armv6-m\libg_nano.a(lib_a-init.o)
 .ARM.attributes
                0x000007d8       0x2c c:/program files (x86)/cypress/psoc creator/4.2/psoc creator/import/gnu/arm/5.4.1/bin/../lib/gcc/arm-none-eabi/5.4.1/../../../../arm-none-eabi/lib/armv6-m\libg_nano.a(lib_a-memset.o)
 .ARM.attributes
                0x00000804       0x2c c:/program files (x86)/cypress/psoc creator/4.2/psoc creator/import/gnu/arm/5.4.1/bin/../lib/gcc/arm-none-eabi/5.4.1/../../../../arm-none-eabi/lib/armv6-m\libg_nano.a(lib_a-nano-vfprintf_float.o)
 .ARM.attributes
                0x00000830       0x2c c:/program files (x86)/cypress/psoc creator/4.2/psoc creator/import/gnu/arm/5.4.1/bin/../lib/gcc/arm-none-eabi/5.4.1/../../../../arm-none-eabi/lib/armv6-m\libg_nano.a(lib_a-nano-vfprintf_i.o)
 .ARM.attributes
                0x0000085c       0x2c c:/program files (x86)/cypress/psoc creator/4.2/psoc creator/import/gnu/arm/5.4.1/bin/../lib/gcc/arm-none-eabi/5.4.1/../../../../arm-none-eabi/lib/armv6-m\libg_nano.a(lib_a-sprintf.o)
 .ARM.attributes
                0x00000888       0x1c c:/program files (x86)/cypress/psoc creator/4.2/psoc creator/import/gnu/arm/5.4.1/bin/../lib/gcc/arm-none-eabi/5.4.1/../../../../arm-none-eabi/lib/armv6-m\libg_nano.a(lib_a-strlen.o)
 .ARM.attributes
                0x000008a4       0x2c c:/program files (x86)/cypress/psoc creator/4.2/psoc creator/import/gnu/arm/5.4.1/bin/../lib/gcc/arm-none-eabi/5.4.1/../../../../arm-none-eabi/lib/armv6-m\libg_nano.a(lib_a-dtoa.o)
 .ARM.attributes
                0x000008d0       0x2c c:/program files (x86)/cypress/psoc creator/4.2/psoc creator/import/gnu/arm/5.4.1/bin/../lib/gcc/arm-none-eabi/5.4.1/../../../../arm-none-eabi/lib/armv6-m\libg_nano.a(lib_a-locale.o)
 .ARM.attributes
                0x000008fc       0x2c c:/program files (x86)/cypress/psoc creator/4.2/psoc creator/import/gnu/arm/5.4.1/bin/../lib/gcc/arm-none-eabi/5.4.1/../../../../arm-none-eabi/lib/armv6-m\libg_nano.a(lib_a-malloc.o)
 .ARM.attributes
                0x00000928       0x2c c:/program files (x86)/cypress/psoc creator/4.2/psoc creator/import/gnu/arm/5.4.1/bin/../lib/gcc/arm-none-eabi/5.4.1/../../../../arm-none-eabi/lib/armv6-m\libg_nano.a(lib_a-memchr-stub.o)
 .ARM.attributes
                0x00000954       0x2c c:/program files (x86)/cypress/psoc creator/4.2/psoc creator/import/gnu/arm/5.4.1/bin/../lib/gcc/arm-none-eabi/5.4.1/../../../../arm-none-eabi/lib/armv6-m\libg_nano.a(lib_a-memcpy-stub.o)
 .ARM.attributes
                0x00000980       0x2c c:/program files (x86)/cypress/psoc creator/4.2/psoc creator/import/gnu/arm/5.4.1/bin/../lib/gcc/arm-none-eabi/5.4.1/../../../../arm-none-eabi/lib/armv6-m\libg_nano.a(lib_a-mprec.o)
 .ARM.attributes
                0x000009ac       0x2c c:/program files (x86)/cypress/psoc creator/4.2/psoc creator/import/gnu/arm/5.4.1/bin/../lib/gcc/arm-none-eabi/5.4.1/../../../../arm-none-eabi/lib/armv6-m\libg_nano.a(lib_a-nano-callocr.o)
 .ARM.attributes
                0x000009d8       0x2c c:/program files (x86)/cypress/psoc creator/4.2/psoc creator/import/gnu/arm/5.4.1/bin/../lib/gcc/arm-none-eabi/5.4.1/../../../../arm-none-eabi/lib/armv6-m\libg_nano.a(lib_a-nano-freer.o)
 .ARM.attributes
                0x00000a04       0x2c c:/program files (x86)/cypress/psoc creator/4.2/psoc creator/import/gnu/arm/5.4.1/bin/../lib/gcc/arm-none-eabi/5.4.1/../../../../arm-none-eabi/lib/armv6-m\libg_nano.a(lib_a-nano-mallocr.o)
 .ARM.attributes
                0x00000a30       0x2c c:/program files (x86)/cypress/psoc creator/4.2/psoc creator/import/gnu/arm/5.4.1/bin/../lib/gcc/arm-none-eabi/5.4.1/../../../../arm-none-eabi/lib/armv6-m\libg_nano.a(lib_a-nano-svfprintf.o)
 .ARM.attributes
                0x00000a5c       0x2c c:/program files (x86)/cypress/psoc creator/4.2/psoc creator/import/gnu/arm/5.4.1/bin/../lib/gcc/arm-none-eabi/5.4.1/../../../../arm-none-eabi/lib/armv6-m\libg_nano.a(lib_a-sbrkr.o)
 .ARM.attributes
                0x00000a88       0x1c c:/program files (x86)/cypress/psoc creator/4.2/psoc creator/import/gnu/arm/5.4.1/bin/../lib/gcc/arm-none-eabi/5.4.1/../../../../arm-none-eabi/lib/armv6-m\libg_nano.a(lib_a-strcmp.o)
 .ARM.attributes
                0x00000aa4       0x2c c:/program files (x86)/cypress/psoc creator/4.2/psoc creator/import/gnu/arm/5.4.1/bin/../lib/gcc/arm-none-eabi/5.4.1/../../../../arm-none-eabi/lib/armv6-m\libg_nano.a(lib_a-memmove.o)
 .ARM.attributes
                0x00000ad0       0x2c c:/program files (x86)/cypress/psoc creator/4.2/psoc creator/import/gnu/arm/5.4.1/bin/../lib/gcc/arm-none-eabi/5.4.1/../../../../arm-none-eabi/lib/armv6-m\libg_nano.a(lib_a-mlock.o)
 .ARM.attributes
                0x00000afc       0x2c c:/program files (x86)/cypress/psoc creator/4.2/psoc creator/import/gnu/arm/5.4.1/bin/../lib/gcc/arm-none-eabi/5.4.1/../../../../arm-none-eabi/lib/armv6-m\libg_nano.a(lib_a-nano-reallocr.o)
 .ARM.attributes
                0x00000b28       0x2c c:/program files (x86)/cypress/psoc creator/4.2/psoc creator/import/gnu/arm/5.4.1/bin/../lib/gcc/arm-none-eabi/5.4.1/../../../../arm-none-eabi/lib/armv6-m\libg_nano.a(lib_a-reent.o)
 .ARM.attributes
                0x00000b54       0x2c c:/program files (x86)/cypress/psoc creator/4.2/psoc creator/import/gnu/arm/5.4.1/bin/../lib/gcc/arm-none-eabi/5.4.1/../../../../arm-none-eabi/lib/armv6-m\libg_nano.a(lib_a-nano-msizer.o)
 .ARM.attributes
                0x00000b80       0x1e c:/program files (x86)/cypress/psoc creator/4.2/psoc creator/import/gnu/arm/5.4.1/bin/../lib/gcc/arm-none-eabi/5.4.1/armv6-m\libgcc.a(_thumb1_case_uqi.o)
 .ARM.attributes
                0x00000b9e       0x1e c:/program files (x86)/cypress/psoc creator/4.2/psoc creator/import/gnu/arm/5.4.1/bin/../lib/gcc/arm-none-eabi/5.4.1/armv6-m\libgcc.a(_arm_cmpdf2.o)
 .ARM.attributes
                0x00000bbc       0x2c c:/program files (x86)/cypress/psoc creator/4.2/psoc creator/import/gnu/arm/5.4.1/bin/../lib/gcc/arm-none-eabi/5.4.1/armv6-m\libgcc.a(adddf3.o)
 .ARM.attributes
                0x00000be8       0x2c c:/program files (x86)/cypress/psoc creator/4.2/psoc creator/import/gnu/arm/5.4.1/bin/../lib/gcc/arm-none-eabi/5.4.1/armv6-m\libgcc.a(divdf3.o)
 .ARM.attributes
                0x00000c14       0x2c c:/program files (x86)/cypress/psoc creator/4.2/psoc creator/import/gnu/arm/5.4.1/bin/../lib/gcc/arm-none-eabi/5.4.1/armv6-m\libgcc.a(eqdf2.o)
 .ARM.attributes
                0x00000c40       0x2c c:/program files (x86)/cypress/psoc creator/4.2/psoc creator/import/gnu/arm/5.4.1/bin/../lib/gcc/arm-none-eabi/5.4.1/armv6-m\libgcc.a(gedf2.o)
 .ARM.attributes
                0x00000c6c       0x2c c:/program files (x86)/cypress/psoc creator/4.2/psoc creator/import/gnu/arm/5.4.1/bin/../lib/gcc/arm-none-eabi/5.4.1/armv6-m\libgcc.a(ledf2.o)
 .ARM.attributes
                0x00000c98       0x2c c:/program files (x86)/cypress/psoc creator/4.2/psoc creator/import/gnu/arm/5.4.1/bin/../lib/gcc/arm-none-eabi/5.4.1/armv6-m\libgcc.a(unorddf2.o)
 .ARM.attributes
                0x00000cc4       0x2c c:/program files (x86)/cypress/psoc creator/4.2/psoc creator/import/gnu/arm/5.4.1/bin/../lib/gcc/arm-none-eabi/5.4.1/armv6-m\libgcc.a(fixdfsi.o)
 .ARM.attributes
                0x00000cf0       0x2c c:/program files (x86)/cypress/psoc creator/4.2/psoc creator/import/gnu/arm/5.4.1/bin/../lib/gcc/arm-none-eabi/5.4.1/armv6-m\libgcc.a(floatsidf.o)
 .ARM.attributes
                0x00000d1c       0x2c c:/program files (x86)/cypress/psoc creator/4.2/psoc creator/import/gnu/arm/5.4.1/bin/../lib/gcc/arm-none-eabi/5.4.1/armv6-m\libgcc.a(floatunsidf.o)
 .ARM.attributes
                0x00000d48       0x2c c:/program files (x86)/cypress/psoc creator/4.2/psoc creator/import/gnu/arm/5.4.1/bin/../lib/gcc/arm-none-eabi/5.4.1/armv6-m/crtend.o
 .ARM.attributes
                0x00000d74       0x1e c:/program files (x86)/cypress/psoc creator/4.2/psoc creator/import/gnu/arm/5.4.1/bin/../lib/gcc/arm-none-eabi/5.4.1/armv6-m/crtn.o

/DISCARD/
 *(.note.GNU-stack)
OUTPUT(C:\Users\bhatt\Documents\PSoC Creator\MotorTests\ArmDriver.cydsn\CortexM0\ARM_GCC_541\Debug\ArmDriver.elf elf32-littlearm)