******************************************************************************
                  TI ARM Linker PC v18.1.1                     
******************************************************************************
>> Linked Tue May  1 22:48:48 2018

OUTPUT FILE NAME:   <robot_pwm_driver.out>
ENTRY POINT SYMBOL: "_c_int00_noargs"  address: 000005e1


MEMORY CONFIGURATION

         name            origin    length      used     unused   attr    fill
----------------------  --------  ---------  --------  --------  ----  --------
  MAIN                  00000000   00040000  000006c0  0003f940  R  X
  INFO                  00200000   00004000  00000000  00004000  R  X
  SRAM_CODE             01000000   00010000  0000020b  0000fdf5  RW X
  SRAM_DATA             20000000   00010000  0000020b  0000fdf5  RW  


SEGMENT ALLOCATION MAP

run origin  load origin   length   init length attrs members
----------  ----------- ---------- ----------- ----- -------
00000000    00000000    000006c0   000006c0    r-x
  00000000    00000000    000000e4   000000e4    r-- .intvecs
  000000e4    000000e4    0000058c   0000058c    r-x .text
  00000670    00000670    00000038   00000038    r-- .const
  000006a8    000006a8    00000018   00000018    r-- .cinit
20000000    20000000    0000000b   00000000    rw-
  20000000    20000000    0000000b   00000000    rw- .data
2000fe00    2000fe00    00000200   00000000    rw-
  2000fe00    2000fe00    00000200   00000000    rw- .stack


SECTION ALLOCATION MAP

 output                                  attributes/
section   page    origin      length       input sections
--------  ----  ----------  ----------   ----------------
.intvecs   0    00000000    000000e4     
                  00000000    000000e4     startup_msp432p401r_ccs.obj (.intvecs:retain)

.text      0    000000e4    0000058c     
                  000000e4    000000d0     main.obj (.text:main)
                  000001b4    0000009c     rtsv7M4_T_le_v4SPD16_eabi.lib : memcpy_t2.asm.obj (.text)
                  00000250    00000080     main.obj (.text:EUSCIA0_IRQHandler)
                  000002d0    00000078     system_msp432p401r.obj (.text:SystemInit)
                  00000348    00000078     main.obj (.text:writePWM)
                  000003c0    00000074     main.obj (.text:initUART)
                  00000434    00000068     i2c.obj (.text:I2C_masterSendMultiByteStart)
                  0000049c    00000068     rtsv7M4_T_le_v4SPD16_eabi.lib : copy_decompress_lzss.c.obj (.text:decompress:lzss:__TI_decompress_lzss)
                  00000504    0000005c     main.obj (.text:initI2C)
                  00000560    00000044     rtsv7M4_T_le_v4SPD16_eabi.lib : autoinit.c.obj (.text:__TI_auto_init_nobinit_nopinit:__TI_auto_init_nobinit_nopinit)
                  000005a4    0000003c     main.obj (.text:writeI2C)
                  000005e0    00000038     rtsv7M4_T_le_v4SPD16_eabi.lib : boot_cortex_m.c.obj (.text:_c_int00_noargs:_c_int00_noargs)
                  00000618    00000034     cs.obj (.text:CS_setDCOCenteredFrequency)
                  0000064c    0000000e     rtsv7M4_T_le_v4SPD16_eabi.lib : copy_decompress_none.c.obj (.text:decompress:none:__TI_decompress_none)
                  0000065a    0000000c     startup_msp432p401r_ccs.obj (.text:Reset_Handler)
                  00000666    00000004     rtsv7M4_T_le_v4SPD16_eabi.lib : pre_init.c.obj (.text:_system_pre_init)
                  0000066a    00000004                                   : exit.c.obj (.text:abort:abort)
                  0000066e    00000002     startup_msp432p401r_ccs.obj (.text:Default_Handler)

.const     0    00000670    00000038     
                  00000670    00000024     main.obj (.const:uartConfig)
                  00000694    00000014     main.obj (.const:i2cConfig)

.cinit     0    000006a8    00000018     
                  000006a8    00000008     (__TI_handler_table)
                  000006b0    00000007     (.cinit..data.load) [load image, compression = lzss]
                  000006b7    00000001     --HOLE-- [fill = 0]
                  000006b8    00000008     (__TI_cinit_table)

.init_array 
*          0    00000000    00000000     UNINITIALIZED

.binit     0    00000000    00000000     

.data      0    20000000    0000000b     UNINITIALIZED
                  20000000    0000000a     main.obj (.data:uart_data)
                  2000000a    00000001     main.obj (.data)

.stack     0    2000fe00    00000200     UNINITIALIZED
                  2000fe00    00000004     rtsv7M4_T_le_v4SPD16_eabi.lib : boot_cortex_m.c.obj (.stack)
                  2000fe04    000001fc     --HOLE--

MODULE SUMMARY

       Module                        code   ro data   rw data
       ------                        ----   -------   -------
    .\
       main.obj                      724    56        22     
       system_msp432p401r.obj        120    0         0      
       i2c.obj                       104    0         0      
       cs.obj                        52     0         0      
    +--+-----------------------------+------+---------+---------+
       Total:                        1000   56        22     
                                                             
    .\ccs\
       startup_msp432p401r_ccs.obj   14     228       0      
    +--+-----------------------------+------+---------+---------+
       Total:                        14     228       0      
                                                             
    C:\ti\ccsv8\tools\compiler\ti-cgt-arm_18.1.1.LTS\lib\rtsv7M4_T_le_v4SPD16_eabi.lib
       memcpy_t2.asm.obj             156    0         0      
       copy_decompress_lzss.c.obj    104    0         0      
       autoinit.c.obj                68     0         0      
       boot_cortex_m.c.obj           56     0         0      
       copy_decompress_none.c.obj    14     0         0      
       exit.c.obj                    4      0         0      
       pre_init.c.obj                4      0         0      
    +--+-----------------------------+------+---------+---------+
       Total:                        406    0         0      
                                                             
       Stack:                        0      0         1024   
       Linker Generated:             0      23        0      
    +--+-----------------------------+------+---------+---------+
       Grand Total:                  1420   307       1046   


LINKER GENERATED COPY TABLES

__TI_cinit_table @ 000006b8 records: 1, size/record: 8, table size: 8
	.data: load addr=000006b0, load size=00000007 bytes, run addr=20000000, run size=0000000b bytes, compression=lzss


LINKER GENERATED HANDLER TABLE

__TI_handler_table @ 000006a8 records: 2, size/record: 4, table size: 8
	index: 0, handler: __TI_decompress_lzss
	index: 1, handler: __TI_decompress_none


GLOBAL SYMBOLS: SORTED ALPHABETICALLY BY Name 

address   name                          
-------   ----                          
0000066f  ADC14_IRQHandler              
0000066f  AES256_IRQHandler             
0000066f  BusFault_Handler              
0000066b  C$$EXIT                       
0000066f  COMP_E0_IRQHandler            
0000066f  COMP_E1_IRQHandler            
0000066f  CS_IRQHandler                 
00000619  CS_setDCOCenteredFrequency    
0000066f  DMA_ERR_IRQHandler            
0000066f  DMA_INT0_IRQHandler           
0000066f  DMA_INT1_IRQHandler           
0000066f  DMA_INT2_IRQHandler           
0000066f  DMA_INT3_IRQHandler           
0000066f  DebugMon_Handler              
0000066f  Default_Handler               
00000251  EUSCIA0_IRQHandler            
00000251  EUSCIA0_IRQHandler            
0000066f  EUSCIA1_IRQHandler            
0000066f  EUSCIA2_IRQHandler            
0000066f  EUSCIA3_IRQHandler            
0000066f  EUSCIB0_IRQHandler            
0000066f  EUSCIB1_IRQHandler            
0000066f  EUSCIB2_IRQHandler            
0000066f  EUSCIB3_IRQHandler            
0000066f  FLCTL_IRQHandler              
0000066f  FPU_IRQHandler                
0000066f  HardFault_Handler             
00000435  I2C_masterSendMultiByteStart  
0000066f  MemManage_Handler             
0000066f  NMI_Handler                   
0000066f  PCM_IRQHandler                
0000066f  PORT1_IRQHandler              
0000066f  PORT2_IRQHandler              
0000066f  PORT3_IRQHandler              
0000066f  PORT4_IRQHandler              
0000066f  PORT5_IRQHandler              
0000066f  PORT6_IRQHandler              
0000066f  PSS_IRQHandler                
0000066f  PendSV_Handler                
0000066f  RTC_C_IRQHandler              
0000065b  Reset_Handler                 
0000066f  SVC_Handler                   
0000066f  SysTick_Handler               
000002d1  SystemInit                    
0000066f  T32_INT1_IRQHandler           
0000066f  T32_INT2_IRQHandler           
0000066f  T32_INTC_IRQHandler           
0000066f  TA0_0_IRQHandler              
0000066f  TA0_N_IRQHandler              
0000066f  TA1_0_IRQHandler              
0000066f  TA1_N_IRQHandler              
0000066f  TA2_0_IRQHandler              
0000066f  TA2_N_IRQHandler              
0000066f  TA3_0_IRQHandler              
0000066f  TA3_N_IRQHandler              
0000066f  UsageFault_Handler            
4000480c  WDTCTL_SYM                    
0000066f  WDT_A_IRQHandler              
20010000  __STACK_END                   
00000200  __STACK_SIZE                  
000006b8  __TI_CINIT_Base               
000006c0  __TI_CINIT_Limit              
000006a8  __TI_Handler_Table_Base       
000006b0  __TI_Handler_Table_Limit      
00000561  __TI_auto_init_nobinit_nopinit
0000049d  __TI_decompress_lzss          
0000064d  __TI_decompress_none          
ffffffff  __TI_pprof_out_hndl           
ffffffff  __TI_prof_data_size           
ffffffff  __TI_prof_data_start          
00000000  __TI_static_base__            
000001b5  __aeabi_memcpy                
000001b5  __aeabi_memcpy4               
000001b5  __aeabi_memcpy8               
ffffffff  __binit__                     
ffffffff  __c_args__                    
UNDEFED   __mpu_init                    
2000fe00  __stack                       
000005e1  _c_int00_noargs               
UNDEFED   _system_post_cinit            
00000667  _system_pre_init              
0000066b  abort                         
ffffffff  binit                         
00000694  i2cConfig                     
00000505  initI2C                       
000003c1  initUART                      
00000000  interruptVectors              
000000e5  main                          
000001b5  memcpy                        
00000670  uartConfig                    
000005a5  writeI2C                      
00000349  writePWM                      


GLOBAL SYMBOLS: SORTED BY Symbol Address 

address   name                          
-------   ----                          
00000000  __TI_static_base__            
00000000  interruptVectors              
000000e5  main                          
000001b5  __aeabi_memcpy                
000001b5  __aeabi_memcpy4               
000001b5  __aeabi_memcpy8               
000001b5  memcpy                        
00000200  __STACK_SIZE                  
00000251  EUSCIA0_IRQHandler            
00000251  EUSCIA0_IRQHandler            
000002d1  SystemInit                    
00000349  writePWM                      
000003c1  initUART                      
00000435  I2C_masterSendMultiByteStart  
0000049d  __TI_decompress_lzss          
00000505  initI2C                       
00000561  __TI_auto_init_nobinit_nopinit
000005a5  writeI2C                      
000005e1  _c_int00_noargs               
00000619  CS_setDCOCenteredFrequency    
0000064d  __TI_decompress_none          
0000065b  Reset_Handler                 
00000667  _system_pre_init              
0000066b  C$$EXIT                       
0000066b  abort                         
0000066f  ADC14_IRQHandler              
0000066f  AES256_IRQHandler             
0000066f  BusFault_Handler              
0000066f  COMP_E0_IRQHandler            
0000066f  COMP_E1_IRQHandler            
0000066f  CS_IRQHandler                 
0000066f  DMA_ERR_IRQHandler            
0000066f  DMA_INT0_IRQHandler           
0000066f  DMA_INT1_IRQHandler           
0000066f  DMA_INT2_IRQHandler           
0000066f  DMA_INT3_IRQHandler           
0000066f  DebugMon_Handler              
0000066f  Default_Handler               
0000066f  EUSCIA1_IRQHandler            
0000066f  EUSCIA2_IRQHandler            
0000066f  EUSCIA3_IRQHandler            
0000066f  EUSCIB0_IRQHandler            
0000066f  EUSCIB1_IRQHandler            
0000066f  EUSCIB2_IRQHandler            
0000066f  EUSCIB3_IRQHandler            
0000066f  FLCTL_IRQHandler              
0000066f  FPU_IRQHandler                
0000066f  HardFault_Handler             
0000066f  MemManage_Handler             
0000066f  NMI_Handler                   
0000066f  PCM_IRQHandler                
0000066f  PORT1_IRQHandler              
0000066f  PORT2_IRQHandler              
0000066f  PORT3_IRQHandler              
0000066f  PORT4_IRQHandler              
0000066f  PORT5_IRQHandler              
0000066f  PORT6_IRQHandler              
0000066f  PSS_IRQHandler                
0000066f  PendSV_Handler                
0000066f  RTC_C_IRQHandler              
0000066f  SVC_Handler                   
0000066f  SysTick_Handler               
0000066f  T32_INT1_IRQHandler           
0000066f  T32_INT2_IRQHandler           
0000066f  T32_INTC_IRQHandler           
0000066f  TA0_0_IRQHandler              
0000066f  TA0_N_IRQHandler              
0000066f  TA1_0_IRQHandler              
0000066f  TA1_N_IRQHandler              
0000066f  TA2_0_IRQHandler              
0000066f  TA2_N_IRQHandler              
0000066f  TA3_0_IRQHandler              
0000066f  TA3_N_IRQHandler              
0000066f  UsageFault_Handler            
0000066f  WDT_A_IRQHandler              
00000670  uartConfig                    
00000694  i2cConfig                     
000006a8  __TI_Handler_Table_Base       
000006b0  __TI_Handler_Table_Limit      
000006b8  __TI_CINIT_Base               
000006c0  __TI_CINIT_Limit              
2000fe00  __stack                       
20010000  __STACK_END                   
4000480c  WDTCTL_SYM                    
ffffffff  __TI_pprof_out_hndl           
ffffffff  __TI_prof_data_size           
ffffffff  __TI_prof_data_start          
ffffffff  __binit__                     
ffffffff  __c_args__                    
ffffffff  binit                         
UNDEFED   __mpu_init                    
UNDEFED   _system_post_cinit            

[92 symbols]
